Archive member included to satisfy reference by file (symbol)

c:/st/stm32cubeide_1.3.0/stm32cubeide/plugins/com.st.stm32cube.ide.mcu.externaltools.gnu-tools-for-stm32.7-2018-q2-update.win32_1.0.0.201904181610/tools/bin/../lib/gcc/arm-none-eabi/7.3.1/../../../../arm-none-eabi/lib/thumb/v7e-m/fpv4-sp/hard\libc_nano.a(lib_a-errno.o)
                              Core/Src/syscalls.o (__errno)
c:/st/stm32cubeide_1.3.0/stm32cubeide/plugins/com.st.stm32cube.ide.mcu.externaltools.gnu-tools-for-stm32.7-2018-q2-update.win32_1.0.0.201904181610/tools/bin/../lib/gcc/arm-none-eabi/7.3.1/../../../../arm-none-eabi/lib/thumb/v7e-m/fpv4-sp/hard\libc_nano.a(lib_a-exit.o)
                              c:/st/stm32cubeide_1.3.0/stm32cubeide/plugins/com.st.stm32cube.ide.mcu.externaltools.gnu-tools-for-stm32.7-2018-q2-update.win32_1.0.0.201904181610/tools/bin/../lib/gcc/arm-none-eabi/7.3.1/../../../../arm-none-eabi/lib/thumb/v7e-m/fpv4-sp/hard/crt0.o (exit)
c:/st/stm32cubeide_1.3.0/stm32cubeide/plugins/com.st.stm32cube.ide.mcu.externaltools.gnu-tools-for-stm32.7-2018-q2-update.win32_1.0.0.201904181610/tools/bin/../lib/gcc/arm-none-eabi/7.3.1/../../../../arm-none-eabi/lib/thumb/v7e-m/fpv4-sp/hard\libc_nano.a(lib_a-impure.o)
                              c:/st/stm32cubeide_1.3.0/stm32cubeide/plugins/com.st.stm32cube.ide.mcu.externaltools.gnu-tools-for-stm32.7-2018-q2-update.win32_1.0.0.201904181610/tools/bin/../lib/gcc/arm-none-eabi/7.3.1/../../../../arm-none-eabi/lib/thumb/v7e-m/fpv4-sp/hard\libc_nano.a(lib_a-exit.o) (_global_impure_ptr)
c:/st/stm32cubeide_1.3.0/stm32cubeide/plugins/com.st.stm32cube.ide.mcu.externaltools.gnu-tools-for-stm32.7-2018-q2-update.win32_1.0.0.201904181610/tools/bin/../lib/gcc/arm-none-eabi/7.3.1/../../../../arm-none-eabi/lib/thumb/v7e-m/fpv4-sp/hard\libc_nano.a(lib_a-init.o)
                              c:/st/stm32cubeide_1.3.0/stm32cubeide/plugins/com.st.stm32cube.ide.mcu.externaltools.gnu-tools-for-stm32.7-2018-q2-update.win32_1.0.0.201904181610/tools/bin/../lib/gcc/arm-none-eabi/7.3.1/../../../../arm-none-eabi/lib/thumb/v7e-m/fpv4-sp/hard/crt0.o (__libc_init_array)
c:/st/stm32cubeide_1.3.0/stm32cubeide/plugins/com.st.stm32cube.ide.mcu.externaltools.gnu-tools-for-stm32.7-2018-q2-update.win32_1.0.0.201904181610/tools/bin/../lib/gcc/arm-none-eabi/7.3.1/../../../../arm-none-eabi/lib/thumb/v7e-m/fpv4-sp/hard\libc_nano.a(lib_a-memset.o)
                              c:/st/stm32cubeide_1.3.0/stm32cubeide/plugins/com.st.stm32cube.ide.mcu.externaltools.gnu-tools-for-stm32.7-2018-q2-update.win32_1.0.0.201904181610/tools/bin/../lib/gcc/arm-none-eabi/7.3.1/../../../../arm-none-eabi/lib/thumb/v7e-m/fpv4-sp/hard/crt0.o (memset)
c:/st/stm32cubeide_1.3.0/stm32cubeide/plugins/com.st.stm32cube.ide.mcu.externaltools.gnu-tools-for-stm32.7-2018-q2-update.win32_1.0.0.201904181610/tools/bin/../lib/gcc/arm-none-eabi/7.3.1/../../../../arm-none-eabi/lib/thumb/v7e-m/fpv4-sp/hard\libm.a(lib_a-s_sin.o)
                              Core/Src/main.o (sin)
c:/st/stm32cubeide_1.3.0/stm32cubeide/plugins/com.st.stm32cube.ide.mcu.externaltools.gnu-tools-for-stm32.7-2018-q2-update.win32_1.0.0.201904181610/tools/bin/../lib/gcc/arm-none-eabi/7.3.1/../../../../arm-none-eabi/lib/thumb/v7e-m/fpv4-sp/hard\libm.a(lib_a-e_rem_pio2.o)
                              c:/st/stm32cubeide_1.3.0/stm32cubeide/plugins/com.st.stm32cube.ide.mcu.externaltools.gnu-tools-for-stm32.7-2018-q2-update.win32_1.0.0.201904181610/tools/bin/../lib/gcc/arm-none-eabi/7.3.1/../../../../arm-none-eabi/lib/thumb/v7e-m/fpv4-sp/hard\libm.a(lib_a-s_sin.o) (__ieee754_rem_pio2)
c:/st/stm32cubeide_1.3.0/stm32cubeide/plugins/com.st.stm32cube.ide.mcu.externaltools.gnu-tools-for-stm32.7-2018-q2-update.win32_1.0.0.201904181610/tools/bin/../lib/gcc/arm-none-eabi/7.3.1/../../../../arm-none-eabi/lib/thumb/v7e-m/fpv4-sp/hard\libm.a(lib_a-k_cos.o)
                              c:/st/stm32cubeide_1.3.0/stm32cubeide/plugins/com.st.stm32cube.ide.mcu.externaltools.gnu-tools-for-stm32.7-2018-q2-update.win32_1.0.0.201904181610/tools/bin/../lib/gcc/arm-none-eabi/7.3.1/../../../../arm-none-eabi/lib/thumb/v7e-m/fpv4-sp/hard\libm.a(lib_a-s_sin.o) (__kernel_cos)
c:/st/stm32cubeide_1.3.0/stm32cubeide/plugins/com.st.stm32cube.ide.mcu.externaltools.gnu-tools-for-stm32.7-2018-q2-update.win32_1.0.0.201904181610/tools/bin/../lib/gcc/arm-none-eabi/7.3.1/../../../../arm-none-eabi/lib/thumb/v7e-m/fpv4-sp/hard\libm.a(lib_a-k_rem_pio2.o)
                              c:/st/stm32cubeide_1.3.0/stm32cubeide/plugins/com.st.stm32cube.ide.mcu.externaltools.gnu-tools-for-stm32.7-2018-q2-update.win32_1.0.0.201904181610/tools/bin/../lib/gcc/arm-none-eabi/7.3.1/../../../../arm-none-eabi/lib/thumb/v7e-m/fpv4-sp/hard\libm.a(lib_a-e_rem_pio2.o) (__kernel_rem_pio2)
[...]
Memory Configuration

Name             Origin             Length             Attributes
CCMRAM           0x0000000010000000 0x0000000000004000 xrw
RAM              0x0000000020000000 0x0000000000010000 xrw
FLASH            0x0000000008000000 0x0000000000080000 xr
*default*        0x0000000000000000 0xffffffffffffffff

Linker script and memory map

LOAD c:/st/stm32cubeide_1.3.0/stm32cubeide/plugins/com.st.stm32cube.ide.mcu.externaltools.gnu-tools-for-stm32.7-2018-q2-update.win32_1.0.0.201904181610/tools/bin/../lib/gcc/arm-none-eabi/7.3.1/thumb/v7e-m/fpv4-sp/hard/crti.o
LOAD c:/st/stm32cubeide_1.3.0/stm32cubeide/plugins/com.st.stm32cube.ide.mcu.externaltools.gnu-tools-for-stm32.7-2018-q2-update.win32_1.0.0.201904181610/tools/bin/../lib/gcc/arm-none-eabi/7.3.1/thumb/v7e-m/fpv4-sp/hard/crtbegin.o
LOAD c:/st/stm32cubeide_1.3.0/stm32cubeide/plugins/com.st.stm32cube.ide.mcu.externaltools.gnu-tools-for-stm32.7-2018-q2-update.win32_1.0.0.201904181610/tools/bin/../lib/gcc/arm-none-eabi/7.3.1/../../../../arm-none-eabi/lib/thumb/v7e-m/fpv4-sp/hard/crt0.o
LOAD Core/Src/main.o
LOAD Core/Src/stm32f3xx_hal_msp.o
LOAD Core/Src/stm32f3xx_it.o
LOAD Core/Src/syscalls.o
LOAD Core/Src/sysmem.o
LOAD Core/Src/system_stm32f3xx.o
LOAD Core/Startup/startup_stm32f303retx.o
LOAD Drivers/STM32F3xx_HAL_Driver/Src/stm32f3xx_hal.o
LOAD Drivers/STM32F3xx_HAL_Driver/Src/stm32f3xx_hal_adc.o
LOAD Drivers/STM32F3xx_HAL_Driver/Src/stm32f3xx_hal_adc_ex.o
LOAD Drivers/STM32F3xx_HAL_Driver/Src/stm32f3xx_hal_cortex.o
LOAD Drivers/STM32F3xx_HAL_Driver/Src/stm32f3xx_hal_dac.o
LOAD Drivers/STM32F3xx_HAL_Driver/Src/stm32f3xx_hal_dac_ex.o
LOAD Drivers/STM32F3xx_HAL_Driver/Src/stm32f3xx_hal_dma.o
LOAD Drivers/STM32F3xx_HAL_Driver/Src/stm32f3xx_hal_exti.o
LOAD Drivers/STM32F3xx_HAL_Driver/Src/stm32f3xx_hal_flash.o
LOAD Drivers/STM32F3xx_HAL_Driver/Src/stm32f3xx_hal_flash_ex.o
LOAD Drivers/STM32F3xx_HAL_Driver/Src/stm32f3xx_hal_gpio.o
LOAD Drivers/STM32F3xx_HAL_Driver/Src/stm32f3xx_hal_i2c.o
LOAD Drivers/STM32F3xx_HAL_Driver/Src/stm32f3xx_hal_i2c_ex.o
LOAD Drivers/STM32F3xx_HAL_Driver/Src/stm32f3xx_hal_pwr.o
LOAD Drivers/STM32F3xx_HAL_Driver/Src/stm32f3xx_hal_pwr_ex.o
LOAD Drivers/STM32F3xx_HAL_Driver/Src/stm32f3xx_hal_rcc.o
LOAD Drivers/STM32F3xx_HAL_Driver/Src/stm32f3xx_hal_rcc_ex.o
LOAD Drivers/STM32F3xx_HAL_Driver/Src/stm32f3xx_hal_tim.o
LOAD Drivers/STM32F3xx_HAL_Driver/Src/stm32f3xx_hal_tim_ex.o
LOAD Drivers/STM32F3xx_HAL_Driver/Src/stm32f3xx_hal_uart.o
LOAD Drivers/STM32F3xx_HAL_Driver/Src/stm32f3xx_hal_uart_ex.o
START GROUP
LOAD c:/st/stm32cubeide_1.3.0/stm32cubeide/plugins/com.st.stm32cube.ide.mcu.externaltools.gnu-tools-for-stm32.7-2018-q2-update.win32_1.0.0.201904181610/tools/bin/../lib/gcc/arm-none-eabi/7.3.1/../../../../arm-none-eabi/lib/thumb/v7e-m/fpv4-sp/hard\libc_nano.a
LOAD c:/st/stm32cubeide_1.3.0/stm32cubeide/plugins/com.st.stm32cube.ide.mcu.externaltools.gnu-tools-for-stm32.7-2018-q2-update.win32_1.0.0.201904181610/tools/bin/../lib/gcc/arm-none-eabi/7.3.1/../../../../arm-none-eabi/lib/thumb/v7e-m/fpv4-sp/hard\libm.a
END GROUP
START GROUP
LOAD c:/st/stm32cubeide_1.3.0/stm32cubeide/plugins/com.st.stm32cube.ide.mcu.externaltools.gnu-tools-for-stm32.7-2018-q2-update.win32_1.0.0.201904181610/tools/bin/../lib/gcc/arm-none-eabi/7.3.1/thumb/v7e-m/fpv4-sp/hard\libgcc.a
LOAD c:/st/stm32cubeide_1.3.0/stm32cubeide/plugins/com.st.stm32cube.ide.mcu.externaltools.gnu-tools-for-stm32.7-2018-q2-update.win32_1.0.0.201904181610/tools/bin/../lib/gcc/arm-none-eabi/7.3.1/../../../../arm-none-eabi/lib/thumb/v7e-m/fpv4-sp/hard\libc_nano.a
END GROUP
START GROUP
LOAD c:/st/stm32cubeide_1.3.0/stm32cubeide/plugins/com.st.stm32cube.ide.mcu.externaltools.gnu-tools-for-stm32.7-2018-q2-update.win32_1.0.0.201904181610/tools/bin/../lib/gcc/arm-none-eabi/7.3.1/thumb/v7e-m/fpv4-sp/hard\libgcc.a
LOAD c:/st/stm32cubeide_1.3.0/stm32cubeide/plugins/com.st.stm32cube.ide.mcu.externaltools.gnu-tools-for-stm32.7-2018-q2-update.win32_1.0.0.201904181610/tools/bin/../lib/gcc/arm-none-eabi/7.3.1/../../../../arm-none-eabi/lib/thumb/v7e-m/fpv4-sp/hard\libc_nano.a
LOAD c:/st/stm32cubeide_1.3.0/stm32cubeide/plugins/com.st.stm32cube.ide.mcu.externaltools.gnu-tools-for-stm32.7-2018-q2-update.win32_1.0.0.201904181610/tools/bin/../lib/gcc/arm-none-eabi/7.3.1/../../../../arm-none-eabi/lib/thumb/v7e-m/fpv4-sp/hard\libnosys.a
END GROUP
START GROUP
LOAD c:/st/stm32cubeide_1.3.0/stm32cubeide/plugins/com.st.stm32cube.ide.mcu.externaltools.gnu-tools-for-stm32.7-2018-q2-update.win32_1.0.0.201904181610/tools/bin/../lib/gcc/arm-none-eabi/7.3.1/thumb/v7e-m/fpv4-sp/hard\libgcc.a
LOAD c:/st/stm32cubeide_1.3.0/stm32cubeide/plugins/com.st.stm32cube.ide.mcu.externaltools.gnu-tools-for-stm32.7-2018-q2-update.win32_1.0.0.201904181610/tools/bin/../lib/gcc/arm-none-eabi/7.3.1/../../../../arm-none-eabi/lib/thumb/v7e-m/fpv4-sp/hard\libc_nano.a
LOAD c:/st/stm32cubeide_1.3.0/stm32cubeide/plugins/com.st.stm32cube.ide.mcu.externaltools.gnu-tools-for-stm32.7-2018-q2-update.win32_1.0.0.201904181610/tools/bin/../lib/gcc/arm-none-eabi/7.3.1/../../../../arm-none-eabi/lib/thumb/v7e-m/fpv4-sp/hard\libnosys.a
END GROUP
LOAD c:/st/stm32cubeide_1.3.0/stm32cubeide/plugins/com.st.stm32cube.ide.mcu.externaltools.gnu-tools-for-stm32.7-2018-q2-update.win32_1.0.0.201904181610/tools/bin/../lib/gcc/arm-none-eabi/7.3.1/thumb/v7e-m/fpv4-sp/hard/crtend.o
LOAD c:/st/stm32cubeide_1.3.0/stm32cubeide/plugins/com.st.stm32cube.ide.mcu.externaltools.gnu-tools-for-stm32.7-2018-q2-update.win32_1.0.0.201904181610/tools/bin/../lib/gcc/arm-none-eabi/7.3.1/thumb/v7e-m/fpv4-sp/hard/crtn.o
                0x0000000020010000                _estack = (ORIGIN (RAM) + LENGTH (RAM))
                0x0000000000000200                _Min_Heap_Size = 0x200
                0x0000000000000400                _Min_Stack_Size = 0x400

.isr_vector     0x0000000008000000      0x194
                0x0000000008000000                . = ALIGN (0x4)
 *(.isr_vector)
 .isr_vector    0x0000000008000000      0x194 Core/Startup/startup_stm32f303retx.o
                0x0000000008000000                g_pfnVectors
                0x0000000008000194                . = ALIGN (0x4)

.text           0x0000000008000198     0xc05c
                0x0000000008000198                . = ALIGN (0x4)
 *(.text)
 .text          0x0000000008000198       0x40 c:/st/stm32cubeide_1.3.0/stm32cubeide/plugins/com.st.stm32cube.ide.mcu.externaltools.gnu-tools-for-stm32.7-2018-q2-update.win32_1.0.0.201904181610/tools/bin/../lib/gcc/arm-none-eabi/7.3.1/thumb/v7e-m/fpv4-sp/hard/crtbegin.o
 .text          0x00000000080001d8      0x378 c:/st/stm32cubeide_1.3.0/stm32cubeide/plugins/com.st.stm32cube.ide.mcu.externaltools.gnu-tools-for-stm32.7-2018-q2-update.win32_1.0.0.201904181610/tools/bin/../lib/gcc/arm-none-eabi/7.3.1/thumb/v7e-m/fpv4-sp/hard\libgcc.a(_arm_addsubdf3.o)
                0x00000000080001d8                __aeabi_drsub
                0x00000000080001e0                __aeabi_dsub
                0x00000000080001e0                __subdf3
                0x00000000080001e4                __aeabi_dadd
                0x00000000080001e4                __adddf3
                0x000000000800045c                __floatunsidf
                0x000000000800045c                __aeabi_ui2d
                0x000000000800047c                __floatsidf
                0x000000000800047c                __aeabi_i2d
                0x00000000080004a0                __aeabi_f2d
                0x00000000080004a0                __extendsfdf2
                0x00000000080004e4                __floatundidf
                0x00000000080004e4                __aeabi_ul2d
                0x00000000080004f4                __floatdidf
                0x00000000080004f4                __aeabi_l2d
 .text          0x0000000008000550      0x424 c:/st/stm32cubeide_1.3.0/stm32cubeide/plugins/com.st.stm32cube.ide.mcu.externaltools.gnu-tools-for-stm32.7-2018-q2-update.win32_1.0.0.201904181610/tools/bin/../lib/gcc/arm-none-eabi/7.3.1/thumb/v7e-m/fpv4-sp/hard\libgcc.a(_arm_muldivdf3.o)
                0x0000000008000550                __aeabi_dmul
                0x0000000008000550                __muldf3
                0x00000000080007a4                __divdf3
                0x00000000080007a4                __aeabi_ddiv
 .text          0x0000000008000974      0x110 c:/st/stm32cubeide_1.3.0/stm32cubeide/plugins/com.st.stm32cube.ide.mcu.externaltools.gnu-tools-for-stm32.7-2018-q2-update.win32_1.0.0.201904181610/tools/bin/../lib/gcc/arm-none-eabi/7.3.1/thumb/v7e-m/fpv4-sp/hard\libgcc.a(_arm_cmpdf2.o)
                0x0000000008000974                __gtdf2
                0x0000000008000974                __gedf2
                0x000000000800097c                __ltdf2
                0x000000000800097c                __ledf2
                0x0000000008000984                __nedf2
                0x0000000008000984                __eqdf2
                0x0000000008000984                __cmpdf2
                0x0000000008000a00                __aeabi_cdrcmple
                0x0000000008000a10                __aeabi_cdcmpeq
                0x0000000008000a10                __aeabi_cdcmple
                0x0000000008000a20                __aeabi_dcmpeq
                0x0000000008000a34                __aeabi_dcmplt
                0x0000000008000a48                __aeabi_dcmple
                0x0000000008000a5c                __aeabi_dcmpge
                0x0000000008000a70                __aeabi_dcmpgt
 .text          0x0000000008000a84       0x50 c:/st/stm32cubeide_1.3.0/stm32cubeide/plugins/com.st.stm32cube.ide.mcu.externaltools.gnu-tools-for-stm32.7-2018-q2-update.win32_1.0.0.201904181610/tools/bin/../lib/gcc/arm-none-eabi/7.3.1/thumb/v7e-m/fpv4-sp/hard\libgcc.a(_arm_fixdfsi.o)
                0x0000000008000a84                __aeabi_d2iz
                0x0000000008000a84                __fixdfsi
 .text          0x0000000008000ad4       0x40 c:/st/stm32cubeide_1.3.0/stm32cubeide/plugins/com.st.stm32cube.ide.mcu.externaltools.gnu-tools-for-stm32.7-2018-q2-update.win32_1.0.0.201904181610/tools/bin/../lib/gcc/arm-none-eabi/7.3.1/thumb/v7e-m/fpv4-sp/hard\libgcc.a(_arm_fixunsdfsi.o)
                0x0000000008000ad4                __aeabi_d2uiz
                0x0000000008000ad4                __fixunsdfsi
 .text          0x0000000008000b14       0x30 c:/st/stm32cubeide_1.3.0/stm32cubeide/plugins/com.st.stm32cube.ide.mcu.externaltools.gnu-tools-for-stm32.7-2018-q2-update.win32_1.0.0.201904181610/tools/bin/../lib/gcc/arm-none-eabi/7.3.1/thumb/v7e-m/fpv4-sp/hard\libgcc.a(_aeabi_uldivmod.o)
                0x0000000008000b14                __aeabi_uldivmod
 .text          0x0000000008000b44       0x44 c:/st/stm32cubeide_1.3.0/stm32cubeide/plugins/com.st.stm32cube.ide.mcu.externaltools.gnu-tools-for-stm32.7-2018-q2-update.win32_1.0.0.201904181610/tools/bin/../lib/gcc/arm-none-eabi/7.3.1/thumb/v7e-m/fpv4-sp/hard\libgcc.a(_fixunsdfdi.o)
                0x0000000008000b44                __fixunsdfdi
                0x0000000008000b44                __aeabi_d2ulz
 .text          0x0000000008000b88      0x2cc c:/st/stm32cubeide_1.3.0/stm32cubeide/plugins/com.st.stm32cube.ide.mcu.externaltools.gnu-tools-for-stm32.7-2018-q2-update.win32_1.0.0.201904181610/tools/bin/../lib/gcc/arm-none-eabi/7.3.1/thumb/v7e-m/fpv4-sp/hard\libgcc.a(_udivmoddi4.o)
                0x0000000008000b88                __udivmoddi4
 .text          0x0000000008000e54        0x4 c:/st/stm32cubeide_1.3.0/stm32cubeide/plugins/com.st.stm32cube.ide.mcu.externaltools.gnu-tools-for-stm32.7-2018-q2-update.win32_1.0.0.201904181610/tools/bin/../lib/gcc/arm-none-eabi/7.3.1/thumb/v7e-m/fpv4-sp/hard\libgcc.a(_dvmd_tls.o)
                0x0000000008000e54                __aeabi_idiv0
                0x0000000008000e54                __aeabi_ldiv0
 *(.text*)
 .text.delay    0x0000000008000e58       0x30 Core/Src/main.o
                0x0000000008000e58                delay
 .text.HAL_GPIO_EXTI_Callback
                0x0000000008000e88      0x104 Core/Src/main.o
                0x0000000008000e88                HAL_GPIO_EXTI_Callback
 .text.HAL_UART_RxCpltCallback
                0x0000000008000f8c       0x7c Core/Src/main.o
                0x0000000008000f8c                HAL_UART_RxCpltCallback
 .text.determineCommandType
                0x0000000008001008       0xa4 Core/Src/main.o
                0x0000000008001008                determineCommandType
 *fill*         0x00000000080010ac        0x4 
 .text.adc_Measure
                0x00000000080010b0      0x45c Core/Src/main.o
                0x00000000080010b0                adc_Measure
 .text.commandFourResponse
                0x000000000800150c       0x7c Core/Src/main.o
                0x000000000800150c                commandFourResponse
 .text.send_to_lcd
                0x0000000008001588       0xac Core/Src/main.o
                0x0000000008001588                send_to_lcd
 .text.lcd_send_cmd
                0x0000000008001634       0x34 Core/Src/main.o
                0x0000000008001634                lcd_send_cmd
 .text.lcd_send_data
                0x0000000008001668       0x34 Core/Src/main.o
                0x0000000008001668                lcd_send_data
 .text.lcd_put_cur
                0x000000000800169c       0x3c Core/Src/main.o
                0x000000000800169c                lcd_put_cur
 .text.lcd_init
                0x00000000080016d8       0x7a Core/Src/main.o
                0x00000000080016d8                lcd_init
 .text.lcd_send_string
                0x0000000008001752       0x28 Core/Src/main.o
                0x0000000008001752                lcd_send_string
 .text.lcd_clear
                0x000000000800177a       0x14 Core/Src/main.o
                0x000000000800177a                lcd_clear
 .text.lcd_scroll_left_or_right
                0x000000000800178e       0x24 Core/Src/main.o
                0x000000000800178e                lcd_scroll_left_or_right
 *fill*         0x00000000080017b2        0x6 
 .text.calculateDCSignalBuffer
                0x00000000080017b8       0x8c Core/Src/main.o
                0x00000000080017b8                calculateDCSignalBuffer
 *fill*         0x0000000008001844        0x4 
 .text.calculateSinusoidalSignalBuffer1
                0x0000000008001848      0x138 Core/Src/main.o
                0x0000000008001848                calculateSinusoidalSignalBuffer1
 .text.calculatePulseSignalBuffer
                0x0000000008001980      0x14c Core/Src/main.o
                0x0000000008001980                calculatePulseSignalBuffer
 .text.setDACValue
                0x0000000008001acc       0xf0 Core/Src/main.o
                0x0000000008001acc                setDACValue
 .text.outputDAC
                0x0000000008001bbc       0xfc Core/Src/main.o
                0x0000000008001bbc                outputDAC
 .text.stopOutputDAC
                0x0000000008001cb8       0x28 Core/Src/main.o
                0x0000000008001cb8                stopOutputDAC
 .text.determineValue
                0x0000000008001ce0       0xa0 Core/Src/main.o
                0x0000000008001ce0                determineValue
 .text.displayMeasurementMessage
                0x0000000008001d80      0x170 Core/Src/main.o
                0x0000000008001d80                displayMeasurementMessage
 .text.executeLCDCommand
                0x0000000008001ef0       0x1c Core/Src/main.o
                0x0000000008001ef0                executeLCDCommand
 .text.executeCommand
                0x0000000008001f0c      0x238 Core/Src/main.o
                0x0000000008001f0c                executeCommand
 .text.measure_ADC_output_DAC
                0x0000000008002144       0x48 Core/Src/main.o
                0x0000000008002144                measure_ADC_output_DAC
 .text.executeMeasurementOutput
                0x000000000800218c      0xa64 Core/Src/main.o
                0x000000000800218c                executeMeasurementOutput
 .text.executeStartMessage
                0x0000000008002bf0       0xa4 Core/Src/main.o
                0x0000000008002bf0                executeStartMessage
 .text.executeMeasurementState
                0x0000000008002c94      0x210 Core/Src/main.o
                0x0000000008002c94                executeMeasurementState
 .text.branchesOneToSix
                0x0000000008002ea4      0x3e0 Core/Src/main.o
                0x0000000008002ea4                branchesOneToSix
 .text.branchesSevenToTen
                0x0000000008003284      0x864 Core/Src/main.o
                0x0000000008003284                branchesSevenToTen
 .text.branchesElevenToFourteen
                0x0000000008003ae8      0x774 Core/Src/main.o
                0x0000000008003ae8                branchesElevenToFourteen
 .text.branchesFifteenToSeventeen
                0x000000000800425c      0x1f4 Core/Src/main.o
                0x000000000800425c                branchesFifteenToSeventeen
 .text.executeOutputState
                0x0000000008004450       0x18 Core/Src/main.o
                0x0000000008004450                executeOutputState
 .text.executeDisplayAndButtons
                0x0000000008004468       0x88 Core/Src/main.o
                0x0000000008004468                executeDisplayAndButtons
 .text.main     0x00000000080044f0       0xbc Core/Src/main.o
                0x00000000080044f0                main
 .text.SystemClock_Config
                0x00000000080045ac       0xd4 Core/Src/main.o
                0x00000000080045ac                SystemClock_Config
 .text.MX_ADC1_Init
                0x0000000008004680       0xe0 Core/Src/main.o
 .text.MX_DAC1_Init
                0x0000000008004760       0x64 Core/Src/main.o
 .text.MX_TIM1_Init
                0x00000000080047c4       0xa8 Core/Src/main.o
 .text.MX_TIM2_Init
                0x000000000800486c       0xec Core/Src/main.o
 .text.MX_TIM3_Init
                0x0000000008004958       0x9c Core/Src/main.o
 .text.MX_USART2_UART_Init
                0x00000000080049f4       0x60 Core/Src/main.o
 .text.MX_DMA_Init
                0x0000000008004a54       0x3c Core/Src/main.o
 .text.MX_GPIO_Init
                0x0000000008004a90      0x1a0 Core/Src/main.o
 .text.Error_Handler
                0x0000000008004c30        0xe Core/Src/main.o
                0x0000000008004c30                Error_Handler
 *fill*         0x0000000008004c3e        0x2 
 .text.HAL_MspInit
                0x0000000008004c40       0x48 Core/Src/stm32f3xx_hal_msp.o
                0x0000000008004c40                HAL_MspInit
 .text.HAL_ADC_MspInit
                0x0000000008004c88       0x78 Core/Src/stm32f3xx_hal_msp.o
                0x0000000008004c88                HAL_ADC_MspInit
 .text.HAL_DAC_MspInit
                0x0000000008004d00       0xe4 Core/Src/stm32f3xx_hal_msp.o
                0x0000000008004d00                HAL_DAC_MspInit
 .text.HAL_TIM_Base_MspInit
                0x0000000008004de4       0x98 Core/Src/stm32f3xx_hal_msp.o
                0x0000000008004de4                HAL_TIM_Base_MspInit
 .text.HAL_TIM_MspPostInit
                0x0000000008004e7c       0x6c Core/Src/stm32f3xx_hal_msp.o
                0x0000000008004e7c                HAL_TIM_MspPostInit
 .text.HAL_UART_MspInit
                0x0000000008004ee8       0x94 Core/Src/stm32f3xx_hal_msp.o
                0x0000000008004ee8                HAL_UART_MspInit
 .text.NMI_Handler
                0x0000000008004f7c        0xe Core/Src/stm32f3xx_it.o
                0x0000000008004f7c                NMI_Handler
 .text.HardFault_Handler
                0x0000000008004f8a        0x6 Core/Src/stm32f3xx_it.o
                0x0000000008004f8a                HardFault_Handler
 .text.MemManage_Handler
                0x0000000008004f90        0x6 Core/Src/stm32f3xx_it.o
                0x0000000008004f90                MemManage_Handler
 .text.BusFault_Handler
                0x0000000008004f96        0x6 Core/Src/stm32f3xx_it.o
                0x0000000008004f96                BusFault_Handler
 .text.UsageFault_Handler
                0x0000000008004f9c        0x6 Core/Src/stm32f3xx_it.o
                0x0000000008004f9c                UsageFault_Handler
 .text.SVC_Handler
                0x0000000008004fa2        0xe Core/Src/stm32f3xx_it.o
                0x0000000008004fa2                SVC_Handler
 .text.DebugMon_Handler
                0x0000000008004fb0        0xe Core/Src/stm32f3xx_it.o
                0x0000000008004fb0                DebugMon_Handler
 .text.PendSV_Handler
                0x0000000008004fbe        0xe Core/Src/stm32f3xx_it.o
                0x0000000008004fbe                PendSV_Handler
 .text.SysTick_Handler
                0x0000000008004fcc        0xc Core/Src/stm32f3xx_it.o
                0x0000000008004fcc                SysTick_Handler
 .text.EXTI4_IRQHandler
                0x0000000008004fd8        0xe Core/Src/stm32f3xx_it.o
                0x0000000008004fd8                EXTI4_IRQHandler
 *fill*         0x0000000008004fe6        0x2 
 .text.DMA1_Channel3_IRQHandler
                0x0000000008004fe8       0x14 Core/Src/stm32f3xx_it.o
                0x0000000008004fe8                DMA1_Channel3_IRQHandler
 .text.EXTI9_5_IRQHandler
                0x0000000008004ffc       0x24 Core/Src/stm32f3xx_it.o
                0x0000000008004ffc                EXTI9_5_IRQHandler
 .text.TIM2_IRQHandler
                0x0000000008005020       0x1c Core/Src/stm32f3xx_it.o
                0x0000000008005020                TIM2_IRQHandler
 .text.USART2_IRQHandler
                0x000000000800503c       0x14 Core/Src/stm32f3xx_it.o
                0x000000000800503c                USART2_IRQHandler
 .text.SystemInit
                0x0000000008005050       0x24 Core/Src/system_stm32f3xx.o
                0x0000000008005050                SystemInit
 .text.Reset_Handler
                0x0000000008005074       0x50 Core/Startup/startup_stm32f303retx.o
                0x0000000008005074                Reset_Handler
 .text.Default_Handler
                0x00000000080050c4        0x2 Core/Startup/startup_stm32f303retx.o
                0x00000000080050c4                RTC_Alarm_IRQHandler
                0x00000000080050c4                TIM8_TRG_COM_IRQHandler
                0x00000000080050c4                TIM8_CC_IRQHandler
                0x00000000080050c4                SPI4_IRQHandler
                0x00000000080050c4                TIM1_CC_IRQHandler
                0x00000000080050c4                USB_HP_IRQHandler
                0x00000000080050c4                PVD_IRQHandler
                0x00000000080050c4                TAMP_STAMP_IRQHandler
                0x00000000080050c4                EXTI3_IRQHandler
                0x00000000080050c4                I2C3_ER_IRQHandler
                0x00000000080050c4                USB_HP_CAN_TX_IRQHandler
                0x00000000080050c4                EXTI0_IRQHandler
                0x00000000080050c4                I2C2_EV_IRQHandler
                0x00000000080050c4                FPU_IRQHandler
                0x00000000080050c4                TIM1_UP_TIM16_IRQHandler
                0x00000000080050c4                ADC1_2_IRQHandler
                0x00000000080050c4                SPI1_IRQHandler
                0x00000000080050c4                CAN_SCE_IRQHandler
                0x00000000080050c4                TIM6_DAC_IRQHandler
                0x00000000080050c4                TIM8_UP_IRQHandler
                0x00000000080050c4                DMA2_Channel2_IRQHandler
                0x00000000080050c4                DMA1_Channel4_IRQHandler
                0x00000000080050c4                TIM20_TRG_COM_IRQHandler
                0x00000000080050c4                USART3_IRQHandler
                0x00000000080050c4                DMA1_Channel7_IRQHandler
                0x00000000080050c4                UART5_IRQHandler
                0x00000000080050c4                ADC3_IRQHandler
                0x00000000080050c4                TIM4_IRQHandler
                0x00000000080050c4                CAN_RX1_IRQHandler
                0x00000000080050c4                DMA2_Channel1_IRQHandler
                0x00000000080050c4                I2C1_EV_IRQHandler
                0x00000000080050c4                DMA1_Channel6_IRQHandler
                0x00000000080050c4                UART4_IRQHandler
                0x00000000080050c4                DMA2_Channel4_IRQHandler
                0x00000000080050c4                TIM3_IRQHandler
                0x00000000080050c4                RCC_IRQHandler
                0x00000000080050c4                TIM20_UP_IRQHandler
                0x00000000080050c4                DMA1_Channel1_IRQHandler
                0x00000000080050c4                Default_Handler
                0x00000000080050c4                USBWakeUp_RMP_IRQHandler
                0x00000000080050c4                EXTI15_10_IRQHandler
                0x00000000080050c4                TIM7_IRQHandler
                0x00000000080050c4                I2C3_EV_IRQHandler
                0x00000000080050c4                RTC_WKUP_IRQHandler
                0x00000000080050c4                SPI2_IRQHandler
                0x00000000080050c4                USB_LP_CAN_RX0_IRQHandler
                0x00000000080050c4                DMA2_Channel5_IRQHandler
                0x00000000080050c4                DMA1_Channel5_IRQHandler
                0x00000000080050c4                USB_LP_IRQHandler
                0x00000000080050c4                TIM1_TRG_COM_TIM17_IRQHandler
                0x00000000080050c4                ADC4_IRQHandler
                0x00000000080050c4                WWDG_IRQHandler
                0x00000000080050c4                COMP7_IRQHandler
                0x00000000080050c4                COMP1_2_3_IRQHandler
                0x00000000080050c4                EXTI1_IRQHandler
                0x00000000080050c4                COMP4_5_6_IRQHandler
                0x00000000080050c4                TIM20_BRK_IRQHandler
                0x00000000080050c4                I2C2_ER_IRQHandler
                0x00000000080050c4                DMA1_Channel2_IRQHandler
                0x00000000080050c4                TIM8_BRK_IRQHandler
                0x00000000080050c4                FLASH_IRQHandler
                0x00000000080050c4                TIM20_CC_IRQHandler
                0x00000000080050c4                USART1_IRQHandler
                0x00000000080050c4                SPI3_IRQHandler
                0x00000000080050c4                I2C1_ER_IRQHandler
                0x00000000080050c4                FMC_IRQHandler
                0x00000000080050c4                USBWakeUp_IRQHandler
                0x00000000080050c4                DMA2_Channel3_IRQHandler
                0x00000000080050c4                EXTI2_TSC_IRQHandler
                0x00000000080050c4                TIM1_BRK_TIM15_IRQHandler
 *fill*         0x00000000080050c6        0x2 
 .text.HAL_Init
                0x00000000080050c8       0x2c Drivers/STM32F3xx_HAL_Driver/Src/stm32f3xx_hal.o
                0x00000000080050c8                HAL_Init
 .text.HAL_InitTick
                0x00000000080050f4       0x60 Drivers/STM32F3xx_HAL_Driver/Src/stm32f3xx_hal.o
                0x00000000080050f4                HAL_InitTick
 .text.HAL_IncTick
                0x0000000008005154       0x28 Drivers/STM32F3xx_HAL_Driver/Src/stm32f3xx_hal.o
                0x0000000008005154                HAL_IncTick
 .text.HAL_GetTick
                0x000000000800517c       0x18 Drivers/STM32F3xx_HAL_Driver/Src/stm32f3xx_hal.o
                0x000000000800517c                HAL_GetTick
 .text.HAL_Delay
                0x0000000008005194       0x44 Drivers/STM32F3xx_HAL_Driver/Src/stm32f3xx_hal.o
                0x0000000008005194                HAL_Delay
 .text.HAL_ADC_Init
                0x00000000080051d8      0x3f4 Drivers/STM32F3xx_HAL_Driver/Src/stm32f3xx_hal_adc_ex.o
                0x00000000080051d8                HAL_ADC_Init
 .text.HAL_ADC_Start
                0x00000000080055cc      0x22c Drivers/STM32F3xx_HAL_Driver/Src/stm32f3xx_hal_adc_ex.o
                0x00000000080055cc                HAL_ADC_Start
 .text.HAL_ADC_Stop
                0x00000000080057f8       0x6a Drivers/STM32F3xx_HAL_Driver/Src/stm32f3xx_hal_adc_ex.o
                0x00000000080057f8                HAL_ADC_Stop
 *fill*         0x0000000008005862        0x2 
 .text.HAL_ADC_PollForConversion
                0x0000000008005864      0x204 Drivers/STM32F3xx_HAL_Driver/Src/stm32f3xx_hal_adc_ex.o
                0x0000000008005864                HAL_ADC_PollForConversion
 .text.HAL_ADC_GetValue
                0x0000000008005a68       0x1a Drivers/STM32F3xx_HAL_Driver/Src/stm32f3xx_hal_adc_ex.o
                0x0000000008005a68                HAL_ADC_GetValue
 *fill*         0x0000000008005a82        0x2 
 .text.HAL_ADC_ConfigChannel
                0x0000000008005a84      0x5d8 Drivers/STM32F3xx_HAL_Driver/Src/stm32f3xx_hal_adc_ex.o
                0x0000000008005a84                HAL_ADC_ConfigChannel
 .text.HAL_ADCEx_MultiModeConfigChannel
                0x000000000800605c      0x1e4 Drivers/STM32F3xx_HAL_Driver/Src/stm32f3xx_hal_adc_ex.o
                0x000000000800605c                HAL_ADCEx_MultiModeConfigChannel
 .text.ADC_Enable
                0x0000000008006240       0xc8 Drivers/STM32F3xx_HAL_Driver/Src/stm32f3xx_hal_adc_ex.o
 .text.ADC_Disable
                0x0000000008006308       0xcc Drivers/STM32F3xx_HAL_Driver/Src/stm32f3xx_hal_adc_ex.o
 .text.ADC_ConversionStop
                0x00000000080063d4      0x168 Drivers/STM32F3xx_HAL_Driver/Src/stm32f3xx_hal_adc_ex.o
 .text.__NVIC_SetPriorityGrouping
                0x000000000800653c       0x48 Drivers/STM32F3xx_HAL_Driver/Src/stm32f3xx_hal_cortex.o
 .text.__NVIC_GetPriorityGrouping
                0x0000000008006584       0x1c Drivers/STM32F3xx_HAL_Driver/Src/stm32f3xx_hal_cortex.o
 .text.__NVIC_EnableIRQ
                0x00000000080065a0       0x3c Drivers/STM32F3xx_HAL_Driver/Src/stm32f3xx_hal_cortex.o
 .text.__NVIC_SetPriority
                0x00000000080065dc       0x54 Drivers/STM32F3xx_HAL_Driver/Src/stm32f3xx_hal_cortex.o
 .text.NVIC_EncodePriority
                0x0000000008006630       0x66 Drivers/STM32F3xx_HAL_Driver/Src/stm32f3xx_hal_cortex.o
 *fill*         0x0000000008006696        0x2 
 .text.SysTick_Config
                0x0000000008006698       0x44 Drivers/STM32F3xx_HAL_Driver/Src/stm32f3xx_hal_cortex.o
 .text.HAL_NVIC_SetPriorityGrouping
                0x00000000080066dc       0x16 Drivers/STM32F3xx_HAL_Driver/Src/stm32f3xx_hal_cortex.o
                0x00000000080066dc                HAL_NVIC_SetPriorityGrouping
 .text.HAL_NVIC_SetPriority
                0x00000000080066f2       0x38 Drivers/STM32F3xx_HAL_Driver/Src/stm32f3xx_hal_cortex.o
                0x00000000080066f2                HAL_NVIC_SetPriority
 .text.HAL_NVIC_EnableIRQ
                0x000000000800672a       0x1c Drivers/STM32F3xx_HAL_Driver/Src/stm32f3xx_hal_cortex.o
                0x000000000800672a                HAL_NVIC_EnableIRQ
 .text.HAL_SYSTICK_Config
                0x0000000008006746       0x18 Drivers/STM32F3xx_HAL_Driver/Src/stm32f3xx_hal_cortex.o
                0x0000000008006746                HAL_SYSTICK_Config
 .text.HAL_DAC_Init
                0x000000000800675e       0x44 Drivers/STM32F3xx_HAL_Driver/Src/stm32f3xx_hal_dac.o
                0x000000000800675e                HAL_DAC_Init
 .text.HAL_DAC_Stop_DMA
                0x00000000080067a2       0xa2 Drivers/STM32F3xx_HAL_Driver/Src/stm32f3xx_hal_dac.o
                0x00000000080067a2                HAL_DAC_Stop_DMA
 .text.HAL_DAC_ConvCpltCallbackCh1
                0x0000000008006844       0x14 Drivers/STM32F3xx_HAL_Driver/Src/stm32f3xx_hal_dac.o
                0x0000000008006844                HAL_DAC_ConvCpltCallbackCh1
 .text.HAL_DAC_ConvHalfCpltCallbackCh1
                0x0000000008006858       0x14 Drivers/STM32F3xx_HAL_Driver/Src/stm32f3xx_hal_dac.o
                0x0000000008006858                HAL_DAC_ConvHalfCpltCallbackCh1
 .text.HAL_DAC_ErrorCallbackCh1
                0x000000000800686c       0x14 Drivers/STM32F3xx_HAL_Driver/Src/stm32f3xx_hal_dac.o
                0x000000000800686c                HAL_DAC_ErrorCallbackCh1
 .text.HAL_DAC_Start_DMA
                0x0000000008006880      0x15c Drivers/STM32F3xx_HAL_Driver/Src/stm32f3xx_hal_dac_ex.o
                0x0000000008006880                HAL_DAC_Start_DMA
 .text.HAL_DAC_ConfigChannel
                0x00000000080069dc       0x9a Drivers/STM32F3xx_HAL_Driver/Src/stm32f3xx_hal_dac_ex.o
                0x00000000080069dc                HAL_DAC_ConfigChannel
 .text.HAL_DACEx_ConvCpltCallbackCh2
                0x0000000008006a76       0x14 Drivers/STM32F3xx_HAL_Driver/Src/stm32f3xx_hal_dac_ex.o
                0x0000000008006a76                HAL_DACEx_ConvCpltCallbackCh2
 .text.HAL_DACEx_ConvHalfCpltCallbackCh2
                0x0000000008006a8a       0x14 Drivers/STM32F3xx_HAL_Driver/Src/stm32f3xx_hal_dac_ex.o
                0x0000000008006a8a                HAL_DACEx_ConvHalfCpltCallbackCh2
 .text.HAL_DACEx_ErrorCallbackCh2
                0x0000000008006a9e       0x14 Drivers/STM32F3xx_HAL_Driver/Src/stm32f3xx_hal_dac_ex.o
                0x0000000008006a9e                HAL_DACEx_ErrorCallbackCh2
 .text.DAC_DMAConvCpltCh1
                0x0000000008006ab2       0x22 Drivers/STM32F3xx_HAL_Driver/Src/stm32f3xx_hal_dac_ex.o
 .text.DAC_DMAHalfConvCpltCh1
                0x0000000008006ad4       0x1c Drivers/STM32F3xx_HAL_Driver/Src/stm32f3xx_hal_dac_ex.o
 .text.DAC_DMAErrorCh1
                0x0000000008006af0       0x2e Drivers/STM32F3xx_HAL_Driver/Src/stm32f3xx_hal_dac_ex.o
 .text.DAC_DMAConvCpltCh2
                0x0000000008006b1e       0x22 Drivers/STM32F3xx_HAL_Driver/Src/stm32f3xx_hal_dac_ex.o
 .text.DAC_DMAHalfConvCpltCh2
                0x0000000008006b40       0x1c Drivers/STM32F3xx_HAL_Driver/Src/stm32f3xx_hal_dac_ex.o
 .text.DAC_DMAErrorCh2
                0x0000000008006b5c       0x2e Drivers/STM32F3xx_HAL_Driver/Src/stm32f3xx_hal_dac_ex.o
 .text.HAL_DMA_Init
                0x0000000008006b8a       0x8e Drivers/STM32F3xx_HAL_Driver/Src/stm32f3xx_hal_dma.o
                0x0000000008006b8a                HAL_DMA_Init
 .text.HAL_DMA_Start_IT
                0x0000000008006c18       0xbe Drivers/STM32F3xx_HAL_Driver/Src/stm32f3xx_hal_dma.o
                0x0000000008006c18                HAL_DMA_Start_IT
 .text.HAL_DMA_Abort
                0x0000000008006cd6       0x72 Drivers/STM32F3xx_HAL_Driver/Src/stm32f3xx_hal_dma.o
                0x0000000008006cd6                HAL_DMA_Abort
 .text.HAL_DMA_Abort_IT
                0x0000000008006d48       0x7c Drivers/STM32F3xx_HAL_Driver/Src/stm32f3xx_hal_dma.o
                0x0000000008006d48                HAL_DMA_Abort_IT
 .text.HAL_DMA_IRQHandler
                0x0000000008006dc4      0x146 Drivers/STM32F3xx_HAL_Driver/Src/stm32f3xx_hal_dma.o
                0x0000000008006dc4                HAL_DMA_IRQHandler
 .text.DMA_SetConfig
                0x0000000008006f0a       0x5c Drivers/STM32F3xx_HAL_Driver/Src/stm32f3xx_hal_dma.o
 *fill*         0x0000000008006f66        0x2 
 .text.DMA_CalcBaseAndBitshift
                0x0000000008006f68       0x78 Drivers/STM32F3xx_HAL_Driver/Src/stm32f3xx_hal_dma.o
 .text.HAL_GPIO_Init
                0x0000000008006fe0      0x314 Drivers/STM32F3xx_HAL_Driver/Src/stm32f3xx_hal_gpio.o
                0x0000000008006fe0                HAL_GPIO_Init
 .text.HAL_GPIO_WritePin
                0x00000000080072f4       0x30 Drivers/STM32F3xx_HAL_Driver/Src/stm32f3xx_hal_gpio.o
                0x00000000080072f4                HAL_GPIO_WritePin
 .text.HAL_GPIO_EXTI_IRQHandler
                0x0000000008007324       0x30 Drivers/STM32F3xx_HAL_Driver/Src/stm32f3xx_hal_gpio.o
                0x0000000008007324                HAL_GPIO_EXTI_IRQHandler
 .text.HAL_RCC_OscConfig
                0x0000000008007354      0xe2c Drivers/STM32F3xx_HAL_Driver/Src/stm32f3xx_hal_rcc.o
                0x0000000008007354                HAL_RCC_OscConfig
 .text.HAL_RCC_ClockConfig
                0x0000000008008180      0x2f8 Drivers/STM32F3xx_HAL_Driver/Src/stm32f3xx_hal_rcc.o
                0x0000000008008180                HAL_RCC_ClockConfig
 .text.HAL_RCC_GetSysClockFreq
                0x0000000008008478       0xd4 Drivers/STM32F3xx_HAL_Driver/Src/stm32f3xx_hal_rcc.o
                0x0000000008008478                HAL_RCC_GetSysClockFreq
 .text.HAL_RCC_GetHCLKFreq
                0x000000000800854c       0x18 Drivers/STM32F3xx_HAL_Driver/Src/stm32f3xx_hal_rcc.o
                0x000000000800854c                HAL_RCC_GetHCLKFreq
 .text.HAL_RCC_GetPCLK1Freq
                0x0000000008008564       0x44 Drivers/STM32F3xx_HAL_Driver/Src/stm32f3xx_hal_rcc.o
                0x0000000008008564                HAL_RCC_GetPCLK1Freq
 .text.HAL_RCC_GetPCLK2Freq
                0x00000000080085a8       0x44 Drivers/STM32F3xx_HAL_Driver/Src/stm32f3xx_hal_rcc.o
                0x00000000080085a8                HAL_RCC_GetPCLK2Freq
 .text.HAL_RCCEx_PeriphCLKConfig
                0x00000000080085ec      0x43c Drivers/STM32F3xx_HAL_Driver/Src/stm32f3xx_hal_rcc_ex.o
                0x00000000080085ec                HAL_RCCEx_PeriphCLKConfig
 .text.HAL_TIM_Base_Init
                0x0000000008008a28       0xae Drivers/STM32F3xx_HAL_Driver/Src/stm32f3xx_hal_tim.o
                0x0000000008008a28                HAL_TIM_Base_Init
 *fill*         0x0000000008008ad6        0x2 
 .text.HAL_TIM_Base_Start
                0x0000000008008ad8       0xd0 Drivers/STM32F3xx_HAL_Driver/Src/stm32f3xx_hal_tim.o
                0x0000000008008ad8                HAL_TIM_Base_Start
 .text.HAL_TIM_Base_Start_IT
                0x0000000008008ba8       0xe0 Drivers/STM32F3xx_HAL_Driver/Src/stm32f3xx_hal_tim.o
                0x0000000008008ba8                HAL_TIM_Base_Start_IT
 .text.HAL_TIM_Base_Stop_IT
                0x0000000008008c88       0x5e Drivers/STM32F3xx_HAL_Driver/Src/stm32f3xx_hal_tim.o
                0x0000000008008c88                HAL_TIM_Base_Stop_IT
 .text.HAL_TIM_OC_Init
                0x0000000008008ce6       0xae Drivers/STM32F3xx_HAL_Driver/Src/stm32f3xx_hal_tim.o
                0x0000000008008ce6                HAL_TIM_OC_Init
 .text.HAL_TIM_OC_MspInit
                0x0000000008008d94       0x14 Drivers/STM32F3xx_HAL_Driver/Src/stm32f3xx_hal_tim.o
                0x0000000008008d94                HAL_TIM_OC_MspInit
 .text.HAL_TIM_IRQHandler
                0x0000000008008da8      0x23e Drivers/STM32F3xx_HAL_Driver/Src/stm32f3xx_hal_tim.o
                0x0000000008008da8                HAL_TIM_IRQHandler
 *fill*         0x0000000008008fe6        0x2 
 .text.HAL_TIM_OC_ConfigChannel
                0x0000000008008fe8       0xf4 Drivers/STM32F3xx_HAL_Driver/Src/stm32f3xx_hal_tim.o
                0x0000000008008fe8                HAL_TIM_OC_ConfigChannel
 .text.HAL_TIM_ConfigClockSource
                0x00000000080090dc      0x17c Drivers/STM32F3xx_HAL_Driver/Src/stm32f3xx_hal_tim.o
                0x00000000080090dc                HAL_TIM_ConfigClockSource
 .text.HAL_TIM_PeriodElapsedCallback
                0x0000000008009258       0x14 Drivers/STM32F3xx_HAL_Driver/Src/stm32f3xx_hal_tim.o
                0x0000000008009258                HAL_TIM_PeriodElapsedCallback
 .text.HAL_TIM_OC_DelayElapsedCallback
                0x000000000800926c       0x14 Drivers/STM32F3xx_HAL_Driver/Src/stm32f3xx_hal_tim.o
                0x000000000800926c                HAL_TIM_OC_DelayElapsedCallback
 .text.HAL_TIM_IC_CaptureCallback
                0x0000000008009280       0x14 Drivers/STM32F3xx_HAL_Driver/Src/stm32f3xx_hal_tim.o
                0x0000000008009280                HAL_TIM_IC_CaptureCallback
 .text.HAL_TIM_PWM_PulseFinishedCallback
                0x0000000008009294       0x14 Drivers/STM32F3xx_HAL_Driver/Src/stm32f3xx_hal_tim.o
                0x0000000008009294                HAL_TIM_PWM_PulseFinishedCallback
 .text.HAL_TIM_TriggerCallback
                0x00000000080092a8       0x14 Drivers/STM32F3xx_HAL_Driver/Src/stm32f3xx_hal_tim.o
                0x00000000080092a8                HAL_TIM_TriggerCallback
 .text.TIM_Base_SetConfig
                0x00000000080092bc      0x13c Drivers/STM32F3xx_HAL_Driver/Src/stm32f3xx_hal_tim.o
                0x00000000080092bc                TIM_Base_SetConfig
 .text.TIM_OC1_SetConfig
                0x00000000080093f8      0x134 Drivers/STM32F3xx_HAL_Driver/Src/stm32f3xx_hal_tim.o
 .text.TIM_OC2_SetConfig
                0x000000000800952c      0x128 Drivers/STM32F3xx_HAL_Driver/Src/stm32f3xx_hal_tim.o
                0x000000000800952c                TIM_OC2_SetConfig
 .text.TIM_OC3_SetConfig
                0x0000000008009654      0x124 Drivers/STM32F3xx_HAL_Driver/Src/stm32f3xx_hal_tim.o
 .text.TIM_OC4_SetConfig
                0x0000000008009778       0xe0 Drivers/STM32F3xx_HAL_Driver/Src/stm32f3xx_hal_tim.o
 .text.TIM_OC5_SetConfig
                0x0000000008009858       0xd4 Drivers/STM32F3xx_HAL_Driver/Src/stm32f3xx_hal_tim.o
 .text.TIM_OC6_SetConfig
                0x000000000800992c       0xd8 Drivers/STM32F3xx_HAL_Driver/Src/stm32f3xx_hal_tim.o
 .text.TIM_TI1_ConfigInputStage
                0x0000000008009a04       0x5e Drivers/STM32F3xx_HAL_Driver/Src/stm32f3xx_hal_tim.o
 .text.TIM_TI2_ConfigInputStage
                0x0000000008009a62       0x60 Drivers/STM32F3xx_HAL_Driver/Src/stm32f3xx_hal_tim.o
 .text.TIM_ITRx_SetConfig
                0x0000000008009ac2       0x36 Drivers/STM32F3xx_HAL_Driver/Src/stm32f3xx_hal_tim.o
 .text.TIM_ETR_SetConfig
                0x0000000008009af8       0x40 Drivers/STM32F3xx_HAL_Driver/Src/stm32f3xx_hal_tim.o
                0x0000000008009af8                TIM_ETR_SetConfig
 .text.HAL_TIMEx_MasterConfigSynchronization
                0x0000000008009b38      0x118 Drivers/STM32F3xx_HAL_Driver/Src/stm32f3xx_hal_tim_ex.o
                0x0000000008009b38                HAL_TIMEx_MasterConfigSynchronization
 .text.HAL_TIMEx_CommutCallback
                0x0000000008009c50       0x14 Drivers/STM32F3xx_HAL_Driver/Src/stm32f3xx_hal_tim_ex.o
                0x0000000008009c50                HAL_TIMEx_CommutCallback
 .text.HAL_TIMEx_BreakCallback
                0x0000000008009c64       0x14 Drivers/STM32F3xx_HAL_Driver/Src/stm32f3xx_hal_tim_ex.o
                0x0000000008009c64                HAL_TIMEx_BreakCallback
 .text.HAL_TIMEx_Break2Callback
                0x0000000008009c78       0x14 Drivers/STM32F3xx_HAL_Driver/Src/stm32f3xx_hal_tim_ex.o
                0x0000000008009c78                HAL_TIMEx_Break2Callback
 .text.HAL_UART_Init
                0x0000000008009c8c       0x9c Drivers/STM32F3xx_HAL_Driver/Src/stm32f3xx_hal_uart.o
                0x0000000008009c8c                HAL_UART_Init
 .text.HAL_UART_Transmit
                0x0000000008009d28      0x128 Drivers/STM32F3xx_HAL_Driver/Src/stm32f3xx_hal_uart.o
                0x0000000008009d28                HAL_UART_Transmit
 .text.HAL_UART_Receive_IT
                0x0000000008009e50       0x9c Drivers/STM32F3xx_HAL_Driver/Src/stm32f3xx_hal_uart.o
                0x0000000008009e50                HAL_UART_Receive_IT
 .text.HAL_UART_IRQHandler
                0x0000000008009eec      0x5c0 Drivers/STM32F3xx_HAL_Driver/Src/stm32f3xx_hal_uart.o
                0x0000000008009eec                HAL_UART_IRQHandler
 .text.HAL_UART_TxCpltCallback
                0x000000000800a4ac       0x14 Drivers/STM32F3xx_HAL_Driver/Src/stm32f3xx_hal_uart.o
                0x000000000800a4ac                HAL_UART_TxCpltCallback
 .text.HAL_UART_ErrorCallback
                0x000000000800a4c0       0x14 Drivers/STM32F3xx_HAL_Driver/Src/stm32f3xx_hal_uart.o
                0x000000000800a4c0                HAL_UART_ErrorCallback
 .text.HAL_UARTEx_RxEventCallback
                0x000000000800a4d4       0x18 Drivers/STM32F3xx_HAL_Driver/Src/stm32f3xx_hal_uart.o
                0x000000000800a4d4                HAL_UARTEx_RxEventCallback
 .text.UART_SetConfig
                0x000000000800a4ec      0x3a8 Drivers/STM32F3xx_HAL_Driver/Src/stm32f3xx_hal_uart.o
                0x000000000800a4ec                UART_SetConfig
 .text.UART_AdvFeatureConfig
                0x000000000800a894      0x144 Drivers/STM32F3xx_HAL_Driver/Src/stm32f3xx_hal_uart.o
                0x000000000800a894                UART_AdvFeatureConfig
 .text.UART_CheckIdleState
                0x000000000800a9d8       0x92 Drivers/STM32F3xx_HAL_Driver/Src/stm32f3xx_hal_uart.o
                0x000000000800a9d8                UART_CheckIdleState
 .text.UART_WaitOnFlagUntilTimeout
                0x000000000800aa6a      0x188 Drivers/STM32F3xx_HAL_Driver/Src/stm32f3xx_hal_uart.o
                0x000000000800aa6a                UART_WaitOnFlagUntilTimeout
 *fill*         0x000000000800abf2        0x2 
 .text.UART_Start_Receive_IT
                0x000000000800abf4      0x158 Drivers/STM32F3xx_HAL_Driver/Src/stm32f3xx_hal_uart.o
                0x000000000800abf4                UART_Start_Receive_IT
 .text.UART_EndRxTransfer
                0x000000000800ad4c       0xc6 Drivers/STM32F3xx_HAL_Driver/Src/stm32f3xx_hal_uart.o
 .text.UART_DMAAbortOnError
                0x000000000800ae12       0x2c Drivers/STM32F3xx_HAL_Driver/Src/stm32f3xx_hal_uart.o
 .text.UART_EndTransmit_IT
                0x000000000800ae3e       0x54 Drivers/STM32F3xx_HAL_Driver/Src/stm32f3xx_hal_uart.o
 .text.UART_RxISR_8BIT
                0x000000000800ae92      0x15c Drivers/STM32F3xx_HAL_Driver/Src/stm32f3xx_hal_uart.o
 .text.UART_RxISR_16BIT
                0x000000000800afee      0x15c Drivers/STM32F3xx_HAL_Driver/Src/stm32f3xx_hal_uart.o
 .text.HAL_UARTEx_WakeupCallback
                0x000000000800b14a       0x14 Drivers/STM32F3xx_HAL_Driver/Src/stm32f3xx_hal_uart_ex.o
                0x000000000800b14a                HAL_UARTEx_WakeupCallback
 *fill*         0x000000000800b15e        0x2 
 .text.__libc_init_array
                0x000000000800b160       0x48 c:/st/stm32cubeide_1.3.0/stm32cubeide/plugins/com.st.stm32cube.ide.mcu.externaltools.gnu-tools-for-stm32.7-2018-q2-update.win32_1.0.0.201904181610/tools/bin/../lib/gcc/arm-none-eabi/7.3.1/../../../../arm-none-eabi/lib/thumb/v7e-m/fpv4-sp/hard\libc_nano.a(lib_a-init.o)
                0x000000000800b160                __libc_init_array
 .text.memset   0x000000000800b1a8       0x10 c:/st/stm32cubeide_1.3.0/stm32cubeide/plugins/com.st.stm32cube.ide.mcu.externaltools.gnu-tools-for-stm32.7-2018-q2-update.win32_1.0.0.201904181610/tools/bin/../lib/gcc/arm-none-eabi/7.3.1/../../../../arm-none-eabi/lib/thumb/v7e-m/fpv4-sp/hard\libc_nano.a(lib_a-memset.o)
                0x000000000800b1a8                memset
 .text.sin      0x000000000800b1b8       0x90 c:/st/stm32cubeide_1.3.0/stm32cubeide/plugins/com.st.stm32cube.ide.mcu.externaltools.gnu-tools-for-stm32.7-2018-q2-update.win32_1.0.0.201904181610/tools/bin/../lib/gcc/arm-none-eabi/7.3.1/../../../../arm-none-eabi/lib/thumb/v7e-m/fpv4-sp/hard\libm.a(lib_a-s_sin.o)
                0x000000000800b1b8                sin
 .text.__ieee754_rem_pio2
                0x000000000800b248      0x3e4 c:/st/stm32cubeide_1.3.0/stm32cubeide/plugins/com.st.stm32cube.ide.mcu.externaltools.gnu-tools-for-stm32.7-2018-q2-update.win32_1.0.0.201904181610/tools/bin/../lib/gcc/arm-none-eabi/7.3.1/../../../../arm-none-eabi/lib/thumb/v7e-m/fpv4-sp/hard\libm.a(lib_a-e_rem_pio2.o)
                0x000000000800b248                __ieee754_rem_pio2
 *fill*         0x000000000800b62c        0x4 
 .text.__kernel_cos
                0x000000000800b630      0x18c c:/st/stm32cubeide_1.3.0/stm32cubeide/plugins/com.st.stm32cube.ide.mcu.externaltools.gnu-tools-for-stm32.7-2018-q2-update.win32_1.0.0.201904181610/tools/bin/../lib/gcc/arm-none-eabi/7.3.1/../../../../arm-none-eabi/lib/thumb/v7e-m/fpv4-sp/hard\libm.a(lib_a-k_cos.o)
                0x000000000800b630                __kernel_cos
 *fill*         0x000000000800b7bc        0x4 
 .text.__kernel_rem_pio2
                0x000000000800b7c0      0x680 c:/st/stm32cubeide_1.3.0/stm32cubeide/plugins/com.st.stm32cube.ide.mcu.externaltools.gnu-tools-for-stm32.7-2018-q2-update.win32_1.0.0.201904181610/tools/bin/../lib/gcc/arm-none-eabi/7.3.1/../../../../arm-none-eabi/lib/thumb/v7e-m/fpv4-sp/hard\libm.a(lib_a-k_rem_pio2.o)
                0x000000000800b7c0                __kernel_rem_pio2
 .text.__kernel_sin
                0x000000000800be40      0x174 c:/st/stm32cubeide_1.3.0/stm32cubeide/plugins/com.st.stm32cube.ide.mcu.externaltools.gnu-tools-for-stm32.7-2018-q2-update.win32_1.0.0.201904181610/tools/bin/../lib/gcc/arm-none-eabi/7.3.1/../../../../arm-none-eabi/lib/thumb/v7e-m/fpv4-sp/hard\libm.a(lib_a-k_sin.o)
                0x000000000800be40                __kernel_sin
 .text.fabs     0x000000000800bfb4       0x12 c:/st/stm32cubeide_1.3.0/stm32cubeide/plugins/com.st.stm32cube.ide.mcu.externaltools.gnu-tools-for-stm32.7-2018-q2-update.win32_1.0.0.201904181610/tools/bin/../lib/gcc/arm-none-eabi/7.3.1/../../../../arm-none-eabi/lib/thumb/v7e-m/fpv4-sp/hard\libm.a(lib_a-s_fabs.o)
                0x000000000800bfb4                fabs
 *fill*         0x000000000800bfc6        0x2 
 .text.floor    0x000000000800bfc8      0x108 c:/st/stm32cubeide_1.3.0/stm32cubeide/plugins/com.st.stm32cube.ide.mcu.externaltools.gnu-tools-for-stm32.7-2018-q2-update.win32_1.0.0.201904181610/tools/bin/../lib/gcc/arm-none-eabi/7.3.1/../../../../arm-none-eabi/lib/thumb/v7e-m/fpv4-sp/hard\libm.a(lib_a-s_floor.o)
                0x000000000800bfc8                floor
 .text.scalbn   0x000000000800c0d0       0xec c:/st/stm32cubeide_1.3.0/stm32cubeide/plugins/com.st.stm32cube.ide.mcu.externaltools.gnu-tools-for-stm32.7-2018-q2-update.win32_1.0.0.201904181610/tools/bin/../lib/gcc/arm-none-eabi/7.3.1/../../../../arm-none-eabi/lib/thumb/v7e-m/fpv4-sp/hard\libm.a(lib_a-s_scalbn.o)
                0x000000000800c0d0                scalbn
 .text.copysign
                0x000000000800c1bc       0x1e c:/st/stm32cubeide_1.3.0/stm32cubeide/plugins/com.st.stm32cube.ide.mcu.externaltools.gnu-tools-for-stm32.7-2018-q2-update.win32_1.0.0.201904181610/tools/bin/../lib/gcc/arm-none-eabi/7.3.1/../../../../arm-none-eabi/lib/thumb/v7e-m/fpv4-sp/hard\libm.a(lib_a-s_copysign.o)
                0x000000000800c1bc                copysign
 *(.glue_7)
 .glue_7        0x000000000800c1da        0x0 linker stubs
 *(.glue_7t)
 .glue_7t       0x000000000800c1da        0x0 linker stubs
 *(.eh_frame)
 *fill*         0x000000000800c1da        0x2 
 .eh_frame      0x000000000800c1dc        0x0 c:/st/stm32cubeide_1.3.0/stm32cubeide/plugins/com.st.stm32cube.ide.mcu.externaltools.gnu-tools-for-stm32.7-2018-q2-update.win32_1.0.0.201904181610/tools/bin/../lib/gcc/arm-none-eabi/7.3.1/thumb/v7e-m/fpv4-sp/hard/crtbegin.o
 *(.init)
 .init          0x000000000800c1dc        0x4 c:/st/stm32cubeide_1.3.0/stm32cubeide/plugins/com.st.stm32cube.ide.mcu.externaltools.gnu-tools-for-stm32.7-2018-q2-update.win32_1.0.0.201904181610/tools/bin/../lib/gcc/arm-none-eabi/7.3.1/thumb/v7e-m/fpv4-sp/hard/crti.o
                0x000000000800c1dc                _init
 .init          0x000000000800c1e0        0x8 c:/st/stm32cubeide_1.3.0/stm32cubeide/plugins/com.st.stm32cube.ide.mcu.externaltools.gnu-tools-for-stm32.7-2018-q2-update.win32_1.0.0.201904181610/tools/bin/../lib/gcc/arm-none-eabi/7.3.1/thumb/v7e-m/fpv4-sp/hard/crtn.o
 *(.fini)
 .fini          0x000000000800c1e8        0x4 c:/st/stm32cubeide_1.3.0/stm32cubeide/plugins/com.st.stm32cube.ide.mcu.externaltools.gnu-tools-for-stm32.7-2018-q2-update.win32_1.0.0.201904181610/tools/bin/../lib/gcc/arm-none-eabi/7.3.1/thumb/v7e-m/fpv4-sp/hard/crti.o
                0x000000000800c1e8                _fini
 .fini          0x000000000800c1ec        0x8 c:/st/stm32cubeide_1.3.0/stm32cubeide/plugins/com.st.stm32cube.ide.mcu.externaltools.gnu-tools-for-stm32.7-2018-q2-update.win32_1.0.0.201904181610/tools/bin/../lib/gcc/arm-none-eabi/7.3.1/thumb/v7e-m/fpv4-sp/hard/crtn.o
                0x000000000800c1f4                . = ALIGN (0x4)
                0x000000000800c1f4                _etext = .

.vfp11_veneer   0x000000000800c1f4        0x0
 .vfp11_veneer  0x000000000800c1f4        0x0 linker stubs

.v4_bx          0x000000000800c1f4        0x0
 .v4_bx         0x000000000800c1f4        0x0 linker stubs

.iplt           0x000000000800c1f4        0x0
 .iplt          0x000000000800c1f4        0x0 c:/st/stm32cubeide_1.3.0/stm32cubeide/plugins/com.st.stm32cube.ide.mcu.externaltools.gnu-tools-for-stm32.7-2018-q2-update.win32_1.0.0.201904181610/tools/bin/../lib/gcc/arm-none-eabi/7.3.1/thumb/v7e-m/fpv4-sp/hard/crtbegin.o

.rodata         0x000000000800c1f8      0x350
                0x000000000800c1f8                . = ALIGN (0x4)
 *(.rodata)
 .rodata        0x000000000800c1f8      0x13a Core/Src/main.o
 *(.rodata*)
 *fill*         0x000000000800c332        0x2 
 .rodata.AHBPrescTable
                0x000000000800c334       0x10 Core/Src/system_stm32f3xx.o
                0x000000000800c334                AHBPrescTable
 .rodata.APBPrescTable
                0x000000000800c344        0x8 Core/Src/system_stm32f3xx.o
                0x000000000800c344                APBPrescTable
 .rodata.aPLLMULFactorTable
                0x000000000800c34c       0x10 Drivers/STM32F3xx_HAL_Driver/Src/stm32f3xx_hal_rcc.o
                0x000000000800c34c                aPLLMULFactorTable
 .rodata.aPredivFactorTable
                0x000000000800c35c       0x10 Drivers/STM32F3xx_HAL_Driver/Src/stm32f3xx_hal_rcc.o
                0x000000000800c35c                aPredivFactorTable
 .rodata.npio2_hw
                0x000000000800c36c       0x80 c:/st/stm32cubeide_1.3.0/stm32cubeide/plugins/com.st.stm32cube.ide.mcu.externaltools.gnu-tools-for-stm32.7-2018-q2-update.win32_1.0.0.201904181610/tools/bin/../lib/gcc/arm-none-eabi/7.3.1/../../../../arm-none-eabi/lib/thumb/v7e-m/fpv4-sp/hard\libm.a(lib_a-e_rem_pio2.o)
 .rodata.two_over_pi
                0x000000000800c3ec      0x108 c:/st/stm32cubeide_1.3.0/stm32cubeide/plugins/com.st.stm32cube.ide.mcu.externaltools.gnu-tools-for-stm32.7-2018-q2-update.win32_1.0.0.201904181610/tools/bin/../lib/gcc/arm-none-eabi/7.3.1/../../../../arm-none-eabi/lib/thumb/v7e-m/fpv4-sp/hard\libm.a(lib_a-e_rem_pio2.o)
 *fill*         0x000000000800c4f4        0x4 
 .rodata.PIo2   0x000000000800c4f8       0x40 c:/st/stm32cubeide_1.3.0/stm32cubeide/plugins/com.st.stm32cube.ide.mcu.externaltools.gnu-tools-for-stm32.7-2018-q2-update.win32_1.0.0.201904181610/tools/bin/../lib/gcc/arm-none-eabi/7.3.1/../../../../arm-none-eabi/lib/thumb/v7e-m/fpv4-sp/hard\libm.a(lib_a-k_rem_pio2.o)
 .rodata.init_jk
                0x000000000800c538       0x10 c:/st/stm32cubeide_1.3.0/stm32cubeide/plugins/com.st.stm32cube.ide.mcu.externaltools.gnu-tools-for-stm32.7-2018-q2-update.win32_1.0.0.201904181610/tools/bin/../lib/gcc/arm-none-eabi/7.3.1/../../../../arm-none-eabi/lib/thumb/v7e-m/fpv4-sp/hard\libm.a(lib_a-k_rem_pio2.o)
                0x000000000800c548                . = ALIGN (0x4)

.ARM.extab      0x000000000800c548        0x0
                0x000000000800c548                . = ALIGN (0x4)
 *(.ARM.extab* .gnu.linkonce.armextab.*)
                0x000000000800c548                . = ALIGN (0x4)

.ARM            0x000000000800c548        0x8
                0x000000000800c548                . = ALIGN (0x4)
                0x000000000800c548                __exidx_start = .
 *(.ARM.exidx*)
 .ARM.exidx     0x000000000800c548        0x8 c:/st/stm32cubeide_1.3.0/stm32cubeide/plugins/com.st.stm32cube.ide.mcu.externaltools.gnu-tools-for-stm32.7-2018-q2-update.win32_1.0.0.201904181610/tools/bin/../lib/gcc/arm-none-eabi/7.3.1/thumb/v7e-m/fpv4-sp/hard\libgcc.a(_udivmoddi4.o)
                0x000000000800c550                __exidx_end = .
                0x000000000800c550                . = ALIGN (0x4)

.rel.dyn        0x000000000800c550        0x0
 .rel.iplt      0x000000000800c550        0x0 c:/st/stm32cubeide_1.3.0/stm32cubeide/plugins/com.st.stm32cube.ide.mcu.externaltools.gnu-tools-for-stm32.7-2018-q2-update.win32_1.0.0.201904181610/tools/bin/../lib/gcc/arm-none-eabi/7.3.1/thumb/v7e-m/fpv4-sp/hard/crtbegin.o

.preinit_array  0x000000000800c550        0x0
                0x000000000800c550                . = ALIGN (0x4)
                0x000000000800c550                PROVIDE (__preinit_array_start = .)
 *(.preinit_array*)
                0x000000000800c550                PROVIDE (__preinit_array_end = .)
                0x000000000800c550                . = ALIGN (0x4)

.init_array     0x000000000800c550        0x4
                0x000000000800c550                . = ALIGN (0x4)
                0x000000000800c550                PROVIDE (__init_array_start = .)
 *(SORT_BY_NAME(.init_array.*))
 *(.init_array*)
 .init_array    0x000000000800c550        0x4 c:/st/stm32cubeide_1.3.0/stm32cubeide/plugins/com.st.stm32cube.ide.mcu.externaltools.gnu-tools-for-stm32.7-2018-q2-update.win32_1.0.0.201904181610/tools/bin/../lib/gcc/arm-none-eabi/7.3.1/thumb/v7e-m/fpv4-sp/hard/crtbegin.o
                0x000000000800c554                PROVIDE (__init_array_end = .)
                0x000000000800c554                . = ALIGN (0x4)

.fini_array     0x000000000800c554        0x4
                0x000000000800c554                . = ALIGN (0x4)
                [!provide]                        PROVIDE (__fini_array_start = .)
 *(SORT_BY_NAME(.fini_array.*))
 *(.fini_array*)
 .fini_array    0x000000000800c554        0x4 c:/st/stm32cubeide_1.3.0/stm32cubeide/plugins/com.st.stm32cube.ide.mcu.externaltools.gnu-tools-for-stm32.7-2018-q2-update.win32_1.0.0.201904181610/tools/bin/../lib/gcc/arm-none-eabi/7.3.1/thumb/v7e-m/fpv4-sp/hard/crtbegin.o
                [!provide]                        PROVIDE (__fini_array_end = .)
                0x000000000800c558                . = ALIGN (0x4)
                0x000000000800c558                _sidata = LOADADDR (.data)

.data           0x0000000020000000       0x68 load address 0x000000000800c558
                0x0000000020000000                . = ALIGN (0x4)
                0x0000000020000000                _sdata = .
 *(.data)
 *(.data*)
 .data.sn       0x0000000020000000        0xd Core/Src/main.o
                0x0000000020000000                sn
 *fill*         0x000000002000000d        0x3 
 .data.measurementMode
                0x0000000020000010        0x2 Core/Src/main.o
                0x0000000020000010                measurementMode
 .data.outputState
                0x0000000020000012        0x1 Core/Src/main.o
                0x0000000020000012                outputState
 .data.max_reached
                0x0000000020000013        0x1 Core/Src/main.o
                0x0000000020000013                max_reached
 .data.nr_measured_dv
                0x0000000020000014        0x4 Core/Src/main.o
                0x0000000020000014                nr_measured_dv
 .data.nr_measured_av
                0x0000000020000018        0x4 Core/Src/main.o
                0x0000000020000018                nr_measured_av
 .data.min      0x000000002000001c        0x4 Core/Src/main.o
                0x000000002000001c                min
 .data.sampling_freq
                0x0000000020000020        0x8 Core/Src/main.o
                0x0000000020000020                sampling_freq
 .data.type     0x0000000020000028        0x1 Core/Src/main.o
                0x0000000020000028                type
 *fill*         0x0000000020000029        0x7 
 .data.avg_dv_int
                0x0000000020000030        0x8 Core/Src/main.o
                0x0000000020000030                avg_dv_int
 .data.systemState
                0x0000000020000038        0x1 Core/Src/main.o
                0x0000000020000038                systemState
 *fill*         0x0000000020000039        0x3 
 .data.amplitude_DAC
                0x000000002000003c        0x4 Core/Src/main.o
                0x000000002000003c                amplitude_DAC
 .data.frequency_DAC
                0x0000000020000040        0x4 Core/Src/main.o
                0x0000000020000040                frequency_DAC
 .data.DC_offset_DAC
                0x0000000020000044        0x4 Core/Src/main.o
                0x0000000020000044                DC_offset_DAC
 .data.S_offset_DAC
                0x0000000020000048        0x4 Core/Src/main.o
                0x0000000020000048                S_offset_DAC
 .data.signal_type_DAC
                0x000000002000004c        0x1 Core/Src/main.o
                0x000000002000004c                signal_type_DAC
 *fill*         0x000000002000004d        0x3 
 .data.parameter_type_DAC
                0x0000000020000050        0x1 Core/Src/main.o
                0x0000000020000050                parameter_type_DAC
 .data.display_state
                0x0000000020000051        0x1 Core/Src/main.o
                0x0000000020000051                display_state
 *fill*         0x0000000020000052        0x2 
 .data.lastTick
                0x0000000020000054        0x4 Core/Src/main.o
                0x0000000020000054                lastTick
 .data.measurement_state
                0x0000000020000058        0x1 Core/Src/main.o
                0x0000000020000058                measurement_state
 .data.output_branch_state
                0x0000000020000059        0x1 Core/Src/main.o
                0x0000000020000059                output_branch_state
 *fill*         0x000000002000005a        0x2 
 .data.SystemCoreClock
                0x000000002000005c        0x4 Core/Src/system_stm32f3xx.o
                0x000000002000005c                SystemCoreClock
 .data.uwTickPrio
                0x0000000020000060        0x4 Drivers/STM32F3xx_HAL_Driver/Src/stm32f3xx_hal.o
                0x0000000020000060                uwTickPrio
 .data.uwTickFreq
                0x0000000020000064        0x1 Drivers/STM32F3xx_HAL_Driver/Src/stm32f3xx_hal.o
                0x0000000020000064                uwTickFreq
                0x0000000020000068                . = ALIGN (0x4)
 *fill*         0x0000000020000065        0x3 
                0x0000000020000068                _edata = .

.igot.plt       0x0000000020000068        0x0 load address 0x000000000800c5c0
 .igot.plt      0x0000000020000068        0x0 c:/st/stm32cubeide_1.3.0/stm32cubeide/plugins/com.st.stm32cube.ide.mcu.externaltools.gnu-tools-for-stm32.7-2018-q2-update.win32_1.0.0.201904181610/tools/bin/../lib/gcc/arm-none-eabi/7.3.1/thumb/v7e-m/fpv4-sp/hard/crtbegin.o
                0x0000000020000068                . = ALIGN (0x4)

.bss            0x0000000020000068     0x12a8 load address 0x000000000800c5c0
                0x0000000020000068                _sbss = .
                0x0000000020000068                __bss_start__ = _sbss
 *(.bss)
 .bss           0x0000000020000068       0x1c c:/st/stm32cubeide_1.3.0/stm32cubeide/plugins/com.st.stm32cube.ide.mcu.externaltools.gnu-tools-for-stm32.7-2018-q2-update.win32_1.0.0.201904181610/tools/bin/../lib/gcc/arm-none-eabi/7.3.1/thumb/v7e-m/fpv4-sp/hard/crtbegin.o
 *(.bss*)
 .bss.receiveCommand
                0x0000000020000084        0x1 Core/Src/main.o
                0x0000000020000084                receiveCommand
 .bss.commandType
                0x0000000020000085        0x1 Core/Src/main.o
                0x0000000020000085                commandType
 *fill*         0x0000000020000086        0x2 
 .bss.adc_measure
                0x0000000020000088        0x4 Core/Src/main.o
                0x0000000020000088                adc_measure
 .bss.min_reached
                0x000000002000008c        0x1 Core/Src/main.o
                0x000000002000008c                min_reached
 *fill*         0x000000002000008d        0x3 
 .bss.freq      0x0000000020000090        0x8 Core/Src/main.o
                0x0000000020000090                freq
 .bss.pk_volt   0x0000000020000098        0x8 Core/Src/main.o
                0x0000000020000098                pk_volt
 .bss.offset    0x00000000200000a0        0x8 Core/Src/main.o
                0x00000000200000a0                offset
 .bss.total_measured
                0x00000000200000a8        0x4 Core/Src/main.o
                0x00000000200000a8                total_measured
 *fill*         0x00000000200000ac        0x4 
 .bss.avg_dv_val
                0x00000000200000b0        0x8 Core/Src/main.o
                0x00000000200000b0                avg_dv_val
 .bss.avg_av_val
                0x00000000200000b8        0x8 Core/Src/main.o
                0x00000000200000b8                avg_av_val
 .bss.max       0x00000000200000c0        0x4 Core/Src/main.o
                0x00000000200000c0                max
 *fill*         0x00000000200000c4        0x4 
 .bss.nr_samples
                0x00000000200000c8        0x8 Core/Src/main.o
                0x00000000200000c8                nr_samples
 .bss.avg_cross
                0x00000000200000d0        0x4 Core/Src/main.o
                0x00000000200000d0                avg_cross
 *fill*         0x00000000200000d4        0x4 
 .bss.freq_int  0x00000000200000d8        0x8 Core/Src/main.o
                0x00000000200000d8                freq_int
 .bss.offset_int
                0x00000000200000e0        0x8 Core/Src/main.o
                0x00000000200000e0                offset_int
 .bss.amp_int   0x00000000200000e8        0x8 Core/Src/main.o
                0x00000000200000e8                amp_int
 .bss.counter   0x00000000200000f0        0x1 Core/Src/main.o
                0x00000000200000f0                counter
 .bss.startDMA  0x00000000200000f1        0x1 Core/Src/main.o
                0x00000000200000f1                startDMA
 .bss.stopDMA   0x00000000200000f2        0x1 Core/Src/main.o
                0x00000000200000f2                stopDMA
 *fill*         0x00000000200000f3        0x1 
 .bss.duty_cycle_DAC
                0x00000000200000f4        0x4 Core/Src/main.o
                0x00000000200000f4                duty_cycle_DAC
 .bss.measurement_state_has_displayed
                0x00000000200000f8        0x1 Core/Src/main.o
                0x00000000200000f8                measurement_state_has_displayed
 .bss.system_state_1_has_displayed
                0x00000000200000f9        0x1 Core/Src/main.o
                0x00000000200000f9                system_state_1_has_displayed
 .bss.output_state_has_displayed
                0x00000000200000fa        0x1 Core/Src/main.o
                0x00000000200000fa                output_state_has_displayed
 .bss.display_state_2_has_displayed
                0x00000000200000fb        0x1 Core/Src/main.o
                0x00000000200000fb                display_state_2_has_displayed
 .bss.output_LED_has_displayed
                0x00000000200000fc        0x1 Core/Src/main.o
                0x00000000200000fc                output_LED_has_displayed
 *fill*         0x00000000200000fd        0x3 
 .bss.lastTick0
                0x0000000020000100        0x4 Core/Src/main.o
                0x0000000020000100                lastTick0
 .bss.lastTick1
                0x0000000020000104        0x4 Core/Src/main.o
                0x0000000020000104                lastTick1
 .bss.lastTick2
                0x0000000020000108        0x4 Core/Src/main.o
                0x0000000020000108                lastTick2
 .bss.lastTick3
                0x000000002000010c        0x4 Core/Src/main.o
                0x000000002000010c                lastTick3
 .bss.lastTick4
                0x0000000020000110        0x4 Core/Src/main.o
                0x0000000020000110                lastTick4
 *(COMMON)
 COMMON         0x0000000020000114     0x11f2 Core/Src/main.o
                0x0000000020000114                upButtonPressed
                0x0000000020000118                offset1
                0x000000002000011c                hdac1
                0x0000000020000130                input
                0x0000000020000144                hdma_dac1_ch1
                0x0000000020000188                dutcyc
                0x000000002000018c                amp
                0x0000000020000190                rx
                0x0000000020000194                htim3
                0x00000000200001e0                freq1
                0x00000000200001e4                hadc1
                0x0000000020000234                downButtonPressed
                0x0000000020000238                numBytes
                0x000000002000023c                buttonPressed
                0x0000000020000240                signal_buffer
                0x00000000200011e0                htim1
                0x000000002000122c                rightButtonPressed
                0x0000000020001230                leftButtonPressed
                0x0000000020001234                htim2
                0x0000000020001280                huart2
                0x0000000020001304                measure_type
                0x0000000020001305                measureParameter
 *fill*         0x0000000020001306        0x2 
 COMMON         0x0000000020001308        0x4 Core/Src/stm32f3xx_it.o
                0x0000000020001308                ADC_trigger
 COMMON         0x000000002000130c        0x4 Drivers/STM32F3xx_HAL_Driver/Src/stm32f3xx_hal.o
                0x000000002000130c                uwTick
                0x0000000020001310                . = ALIGN (0x4)
                0x0000000020001310                _ebss = .
                0x0000000020001310                __bss_end__ = _ebss

._user_heap_stack
                0x0000000020001310      0x600 load address 0x000000000800c5c0
                0x0000000020001310                . = ALIGN (0x8)
                0x0000000020001310                PROVIDE (end = .)
                [!provide]                        PROVIDE (_end = .)
                0x0000000020001510                . = (. + _Min_Heap_Size)
 *fill*         0x0000000020001310      0x200 
                0x0000000020001910                . = (. + _Min_Stack_Size)
 *fill*         0x0000000020001510      0x400 
                0x0000000020001910                . = ALIGN (0x8)

/DISCARD/
 libc.a(*)
 libm.a(*)
 libgcc.a(*)

.ARM.attributes
                0x0000000000000000       0x30
 *(.ARM.attributes)
 .ARM.attributes
                0x0000000000000000       0x22 c:/st/stm32cubeide_1.3.0/stm32cubeide/plugins/com.st.stm32cube.ide.mcu.externaltools.gnu-tools-for-stm32.7-2018-q2-update.win32_1.0.0.201904181610/tools/bin/../lib/gcc/arm-none-eabi/7.3.1/thumb/v7e-m/fpv4-sp/hard/crti.o
 .ARM.attributes
                0x0000000000000022       0x34 c:/st/stm32cubeide_1.3.0/stm32cubeide/plugins/com.st.stm32cube.ide.mcu.externaltools.gnu-tools-for-stm32.7-2018-q2-update.win32_1.0.0.201904181610/tools/bin/../lib/gcc/arm-none-eabi/7.3.1/thumb/v7e-m/fpv4-sp/hard/crtbegin.o
 .ARM.attributes
                0x0000000000000056       0x39 Core/Src/main.o
 .ARM.attributes
                0x000000000000008f       0x39 Core/Src/stm32f3xx_hal_msp.o
 .ARM.attributes
                0x00000000000000c8       0x39 Core/Src/stm32f3xx_it.o
 .ARM.attributes
                0x0000000000000101       0x39 Core/Src/system_stm32f3xx.o
 .ARM.attributes
                0x000000000000013a       0x21 Core/Startup/startup_stm32f303retx.o
 .ARM.attributes
                0x000000000000015b       0x39 Drivers/STM32F3xx_HAL_Driver/Src/stm32f3xx_hal.o
 .ARM.attributes
                0x0000000000000194       0x39 Drivers/STM32F3xx_HAL_Driver/Src/stm32f3xx_hal_adc_ex.o
 .ARM.attributes
                0x00000000000001cd       0x39 Drivers/STM32F3xx_HAL_Driver/Src/stm32f3xx_hal_cortex.o
 .ARM.attributes
                0x0000000000000206       0x39 Drivers/STM32F3xx_HAL_Driver/Src/stm32f3xx_hal_dac.o
 .ARM.attributes
                0x000000000000023f       0x39 Drivers/STM32F3xx_HAL_Driver/Src/stm32f3xx_hal_dac_ex.o
 .ARM.attributes
                0x0000000000000278       0x39 Drivers/STM32F3xx_HAL_Driver/Src/stm32f3xx_hal_dma.o
 .ARM.attributes
                0x00000000000002b1       0x39 Drivers/STM32F3xx_HAL_Driver/Src/stm32f3xx_hal_gpio.o
 .ARM.attributes
                0x00000000000002ea       0x39 Drivers/STM32F3xx_HAL_Driver/Src/stm32f3xx_hal_rcc.o
 .ARM.attributes
                0x0000000000000323       0x39 Drivers/STM32F3xx_HAL_Driver/Src/stm32f3xx_hal_rcc_ex.o
 .ARM.attributes
                0x000000000000035c       0x39 Drivers/STM32F3xx_HAL_Driver/Src/stm32f3xx_hal_tim.o
 .ARM.attributes
                0x0000000000000395       0x39 Drivers/STM32F3xx_HAL_Driver/Src/stm32f3xx_hal_tim_ex.o
 .ARM.attributes
                0x00000000000003ce       0x39 Drivers/STM32F3xx_HAL_Driver/Src/stm32f3xx_hal_uart.o
 .ARM.attributes
                0x0000000000000407       0x39 Drivers/STM32F3xx_HAL_Driver/Src/stm32f3xx_hal_uart_ex.o
 .ARM.attributes
                0x0000000000000440       0x34 c:/st/stm32cubeide_1.3.0/stm32cubeide/plugins/com.st.stm32cube.ide.mcu.externaltools.gnu-tools-for-stm32.7-2018-q2-update.win32_1.0.0.201904181610/tools/bin/../lib/gcc/arm-none-eabi/7.3.1/../../../../arm-none-eabi/lib/thumb/v7e-m/fpv4-sp/hard\libc_nano.a(lib_a-init.o)
 .ARM.attributes
                0x0000000000000474       0x34 c:/st/stm32cubeide_1.3.0/stm32cubeide/plugins/com.st.stm32cube.ide.mcu.externaltools.gnu-tools-for-stm32.7-2018-q2-update.win32_1.0.0.201904181610/tools/bin/../lib/gcc/arm-none-eabi/7.3.1/../../../../arm-none-eabi/lib/thumb/v7e-m/fpv4-sp/hard\libc_nano.a(lib_a-memset.o)
 .ARM.attributes
                0x00000000000004a8       0x34 c:/st/stm32cubeide_1.3.0/stm32cubeide/plugins/com.st.stm32cube.ide.mcu.externaltools.gnu-tools-for-stm32.7-2018-q2-update.win32_1.0.0.201904181610/tools/bin/../lib/gcc/arm-none-eabi/7.3.1/../../../../arm-none-eabi/lib/thumb/v7e-m/fpv4-sp/hard\libm.a(lib_a-s_sin.o)
 .ARM.attributes
                0x00000000000004dc       0x34 c:/st/stm32cubeide_1.3.0/stm32cubeide/plugins/com.st.stm32cube.ide.mcu.externaltools.gnu-tools-for-stm32.7-2018-q2-update.win32_1.0.0.201904181610/tools/bin/../lib/gcc/arm-none-eabi/7.3.1/../../../../arm-none-eabi/lib/thumb/v7e-m/fpv4-sp/hard\libm.a(lib_a-e_rem_pio2.o)
 .ARM.attributes
                0x0000000000000510       0x34 c:/st/stm32cubeide_1.3.0/stm32cubeide/plugins/com.st.stm32cube.ide.mcu.externaltools.gnu-tools-for-stm32.7-2018-q2-update.win32_1.0.0.201904181610/tools/bin/../lib/gcc/arm-none-eabi/7.3.1/../../../../arm-none-eabi/lib/thumb/v7e-m/fpv4-sp/hard\libm.a(lib_a-k_cos.o)
 .ARM.attributes
                0x0000000000000544       0x34 c:/st/stm32cubeide_1.3.0/stm32cubeide/plugins/com.st.stm32cube.ide.mcu.externaltools.gnu-tools-for-stm32.7-2018-q2-update.win32_1.0.0.201904181610/tools/bin/../lib/gcc/arm-none-eabi/7.3.1/../../../../arm-none-eabi/lib/thumb/v7e-m/fpv4-sp/hard\libm.a(lib_a-k_rem_pio2.o)
 .ARM.attributes
                0x0000000000000578       0x34 c:/st/stm32cubeide_1.3.0/stm32cubeide/plugins/com.st.stm32cube.ide.mcu.externaltools.gnu-tools-for-stm32.7-2018-q2-update.win32_1.0.0.201904181610/tools/bin/../lib/gcc/arm-none-eabi/7.3.1/../../../../arm-none-eabi/lib/thumb/v7e-m/fpv4-sp/hard\libm.a(lib_a-k_sin.o)
 .ARM.attributes
                0x00000000000005ac       0x34 c:/st/stm32cubeide_1.3.0/stm32cubeide/plugins/com.st.stm32cube.ide.mcu.externaltools.gnu-tools-for-stm32.7-2018-q2-update.win32_1.0.0.201904181610/tools/bin/../lib/gcc/arm-none-eabi/7.3.1/../../../../arm-none-eabi/lib/thumb/v7e-m/fpv4-sp/hard\libm.a(lib_a-s_fabs.o)
 .ARM.attributes
                0x00000000000005e0       0x34 c:/st/stm32cubeide_1.3.0/stm32cubeide/plugins/com.st.stm32cube.ide.mcu.externaltools.gnu-tools-for-stm32.7-2018-q2-update.win32_1.0.0.201904181610/tools/bin/../lib/gcc/arm-none-eabi/7.3.1/../../../../arm-none-eabi/lib/thumb/v7e-m/fpv4-sp/hard\libm.a(lib_a-s_floor.o)
 .ARM.attributes
                0x0000000000000614       0x34 c:/st/stm32cubeide_1.3.0/stm32cubeide/plugins/com.st.stm32cube.ide.mcu.externaltools.gnu-tools-for-stm32.7-2018-q2-update.win32_1.0.0.201904181610/tools/bin/../lib/gcc/arm-none-eabi/7.3.1/../../../../arm-none-eabi/lib/thumb/v7e-m/fpv4-sp/hard\libm.a(lib_a-s_scalbn.o)
 .ARM.attributes
                0x0000000000000648       0x34 c:/st/stm32cubeide_1.3.0/stm32cubeide/plugins/com.st.stm32cube.ide.mcu.externaltools.gnu-tools-for-stm32.7-2018-q2-update.win32_1.0.0.201904181610/tools/bin/../lib/gcc/arm-none-eabi/7.3.1/../../../../arm-none-eabi/lib/thumb/v7e-m/fpv4-sp/hard\libm.a(lib_a-s_copysign.o)
 .ARM.attributes
                0x000000000000067c       0x22 c:/st/stm32cubeide_1.3.0/stm32cubeide/plugins/com.st.stm32cube.ide.mcu.externaltools.gnu-tools-for-stm32.7-2018-q2-update.win32_1.0.0.201904181610/tools/bin/../lib/gcc/arm-none-eabi/7.3.1/thumb/v7e-m/fpv4-sp/hard\libgcc.a(_arm_addsubdf3.o)
 .ARM.attributes
                0x000000000000069e       0x22 c:/st/stm32cubeide_1.3.0/stm32cubeide/plugins/com.st.stm32cube.ide.mcu.externaltools.gnu-tools-for-stm32.7-2018-q2-update.win32_1.0.0.201904181610/tools/bin/../lib/gcc/arm-none-eabi/7.3.1/thumb/v7e-m/fpv4-sp/hard\libgcc.a(_arm_muldivdf3.o)
 .ARM.attributes
                0x00000000000006c0       0x22 c:/st/stm32cubeide_1.3.0/stm32cubeide/plugins/com.st.stm32cube.ide.mcu.externaltools.gnu-tools-for-stm32.7-2018-q2-update.win32_1.0.0.201904181610/tools/bin/../lib/gcc/arm-none-eabi/7.3.1/thumb/v7e-m/fpv4-sp/hard\libgcc.a(_arm_cmpdf2.o)
 .ARM.attributes
                0x00000000000006e2       0x22 c:/st/stm32cubeide_1.3.0/stm32cubeide/plugins/com.st.stm32cube.ide.mcu.externaltools.gnu-tools-for-stm32.7-2018-q2-update.win32_1.0.0.201904181610/tools/bin/../lib/gcc/arm-none-eabi/7.3.1/thumb/v7e-m/fpv4-sp/hard\libgcc.a(_arm_fixdfsi.o)
 .ARM.attributes
                0x0000000000000704       0x22 c:/st/stm32cubeide_1.3.0/stm32cubeide/plugins/com.st.stm32cube.ide.mcu.externaltools.gnu-tools-for-stm32.7-2018-q2-update.win32_1.0.0.201904181610/tools/bin/../lib/gcc/arm-none-eabi/7.3.1/thumb/v7e-m/fpv4-sp/hard\libgcc.a(_arm_fixunsdfsi.o)
 .ARM.attributes
                0x0000000000000726       0x22 c:/st/stm32cubeide_1.3.0/stm32cubeide/plugins/com.st.stm32cube.ide.mcu.externaltools.gnu-tools-for-stm32.7-2018-q2-update.win32_1.0.0.201904181610/tools/bin/../lib/gcc/arm-none-eabi/7.3.1/thumb/v7e-m/fpv4-sp/hard\libgcc.a(_aeabi_uldivmod.o)
 .ARM.attributes
                0x0000000000000748       0x34 c:/st/stm32cubeide_1.3.0/stm32cubeide/plugins/com.st.stm32cube.ide.mcu.externaltools.gnu-tools-for-stm32.7-2018-q2-update.win32_1.0.0.201904181610/tools/bin/../lib/gcc/arm-none-eabi/7.3.1/thumb/v7e-m/fpv4-sp/hard\libgcc.a(_fixunsdfdi.o)
 .ARM.attributes
                0x000000000000077c       0x34 c:/st/stm32cubeide_1.3.0/stm32cubeide/plugins/com.st.stm32cube.ide.mcu.externaltools.gnu-tools-for-stm32.7-2018-q2-update.win32_1.0.0.201904181610/tools/bin/../lib/gcc/arm-none-eabi/7.3.1/thumb/v7e-m/fpv4-sp/hard\libgcc.a(_udivmoddi4.o)
 .ARM.attributes
                0x00000000000007b0       0x22 c:/st/stm32cubeide_1.3.0/stm32cubeide/plugins/com.st.stm32cube.ide.mcu.externaltools.gnu-tools-for-stm32.7-2018-q2-update.win32_1.0.0.201904181610/tools/bin/../lib/gcc/arm-none-eabi/7.3.1/thumb/v7e-m/fpv4-sp/hard\libgcc.a(_dvmd_tls.o)
 .ARM.attributes
                0x00000000000007d2       0x22 c:/st/stm32cubeide_1.3.0/stm32cubeide/plugins/com.st.stm32cube.ide.mcu.externaltools.gnu-tools-for-stm32.7-2018-q2-update.win32_1.0.0.201904181610/tools/bin/../lib/gcc/arm-none-eabi/7.3.1/thumb/v7e-m/fpv4-sp/hard/crtn.o
OUTPUT(E-design project.elf elf32-littlearm)

.debug_info     0x0000000000000000    0x14fb0
 .debug_info    0x0000000000000000     0x3162 Core/Src/main.o
 .debug_info    0x0000000000003162     0x16ad Core/Src/stm32f3xx_hal_msp.o
 .debug_info    0x000000000000480f      0xb19 Core/Src/stm32f3xx_it.o
 .debug_info    0x0000000000005328      0x45c Core/Src/system_stm32f3xx.o
 .debug_info    0x0000000000005784       0x22 Core/Startup/startup_stm32f303retx.o
 .debug_info    0x00000000000057a6      0x812 Drivers/STM32F3xx_HAL_Driver/Src/stm32f3xx_hal.o
 .debug_info    0x0000000000005fb8     0x1571 Drivers/STM32F3xx_HAL_Driver/Src/stm32f3xx_hal_adc_ex.o
 .debug_info    0x0000000000007529      0xdc9 Drivers/STM32F3xx_HAL_Driver/Src/stm32f3xx_hal_cortex.o
 .debug_info    0x00000000000082f2      0x8fb Drivers/STM32F3xx_HAL_Driver/Src/stm32f3xx_hal_dac.o
 .debug_info    0x0000000000008bed      0xa45 Drivers/STM32F3xx_HAL_Driver/Src/stm32f3xx_hal_dac_ex.o
 .debug_info    0x0000000000009632      0x7cb Drivers/STM32F3xx_HAL_Driver/Src/stm32f3xx_hal_dma.o
 .debug_info    0x0000000000009dfd      0x7c1 Drivers/STM32F3xx_HAL_Driver/Src/stm32f3xx_hal_gpio.o
 .debug_info    0x000000000000a5be     0x181f Drivers/STM32F3xx_HAL_Driver/Src/stm32f3xx_hal_rcc.o
 .debug_info    0x000000000000bddd      0x708 Drivers/STM32F3xx_HAL_Driver/Src/stm32f3xx_hal_rcc_ex.o
 .debug_info    0x000000000000c4e5     0x2a7a Drivers/STM32F3xx_HAL_Driver/Src/stm32f3xx_hal_tim.o
 .debug_info    0x000000000000ef5f     0x1500 Drivers/STM32F3xx_HAL_Driver/Src/stm32f3xx_hal_tim_ex.o
 .debug_info    0x000000000001045f     0x3eee Drivers/STM32F3xx_HAL_Driver/Src/stm32f3xx_hal_uart.o
 .debug_info    0x000000000001434d      0xc63 Drivers/STM32F3xx_HAL_Driver/Src/stm32f3xx_hal_uart_ex.o

.debug_abbrev   0x0000000000000000     0x24b5
 .debug_abbrev  0x0000000000000000      0x3ad Core/Src/main.o
 .debug_abbrev  0x00000000000003ad      0x1de Core/Src/stm32f3xx_hal_msp.o
 .debug_abbrev  0x000000000000058b      0x183 Core/Src/stm32f3xx_it.o
 .debug_abbrev  0x000000000000070e      0x12b Core/Src/system_stm32f3xx.o
 .debug_abbrev  0x0000000000000839       0x12 Core/Startup/startup_stm32f303retx.o
 .debug_abbrev  0x000000000000084b      0x1c7 Drivers/STM32F3xx_HAL_Driver/Src/stm32f3xx_hal.o
 .debug_abbrev  0x0000000000000a12      0x225 Drivers/STM32F3xx_HAL_Driver/Src/stm32f3xx_hal_adc_ex.o
 .debug_abbrev  0x0000000000000c37      0x2fa Drivers/STM32F3xx_HAL_Driver/Src/stm32f3xx_hal_cortex.o
 .debug_abbrev  0x0000000000000f31      0x1a3 Drivers/STM32F3xx_HAL_Driver/Src/stm32f3xx_hal_dac.o
 .debug_abbrev  0x00000000000010d4      0x22d Drivers/STM32F3xx_HAL_Driver/Src/stm32f3xx_hal_dac_ex.o
 .debug_abbrev  0x0000000000001301      0x1fe Drivers/STM32F3xx_HAL_Driver/Src/stm32f3xx_hal_dma.o
 .debug_abbrev  0x00000000000014ff      0x1c0 Drivers/STM32F3xx_HAL_Driver/Src/stm32f3xx_hal_gpio.o
 .debug_abbrev  0x00000000000016bf      0x28c Drivers/STM32F3xx_HAL_Driver/Src/stm32f3xx_hal_rcc.o
 .debug_abbrev  0x000000000000194b      0x219 Drivers/STM32F3xx_HAL_Driver/Src/stm32f3xx_hal_rcc_ex.o
 .debug_abbrev  0x0000000000001b64      0x230 Drivers/STM32F3xx_HAL_Driver/Src/stm32f3xx_hal_tim.o
 .debug_abbrev  0x0000000000001d94      0x236 Drivers/STM32F3xx_HAL_Driver/Src/stm32f3xx_hal_tim_ex.o
 .debug_abbrev  0x0000000000001fca      0x27f Drivers/STM32F3xx_HAL_Driver/Src/stm32f3xx_hal_uart.o
 .debug_abbrev  0x0000000000002249      0x26c Drivers/STM32F3xx_HAL_Driver/Src/stm32f3xx_hal_uart_ex.o

.debug_aranges  0x0000000000000000     0x1120
 .debug_aranges
                0x0000000000000000      0x198 Core/Src/main.o
 .debug_aranges
                0x0000000000000198       0x68 Core/Src/stm32f3xx_hal_msp.o
 .debug_aranges
                0x0000000000000200       0x88 Core/Src/stm32f3xx_it.o
 .debug_aranges
                0x0000000000000288       0x28 Core/Src/system_stm32f3xx.o
 .debug_aranges
                0x00000000000002b0       0x28 Core/Startup/startup_stm32f303retx.o
 .debug_aranges
                0x00000000000002d8       0xe0 Drivers/STM32F3xx_HAL_Driver/Src/stm32f3xx_hal.o
 .debug_aranges
                0x00000000000003b8      0x168 Drivers/STM32F3xx_HAL_Driver/Src/stm32f3xx_hal_adc_ex.o
 .debug_aranges
                0x0000000000000520      0x118 Drivers/STM32F3xx_HAL_Driver/Src/stm32f3xx_hal_cortex.o
 .debug_aranges
                0x0000000000000638       0xa8 Drivers/STM32F3xx_HAL_Driver/Src/stm32f3xx_hal_dac.o
 .debug_aranges
                0x00000000000006e0       0xb8 Drivers/STM32F3xx_HAL_Driver/Src/stm32f3xx_hal_dac_ex.o
 .debug_aranges
                0x0000000000000798       0x88 Drivers/STM32F3xx_HAL_Driver/Src/stm32f3xx_hal_dma.o
 .debug_aranges
                0x0000000000000820       0x58 Drivers/STM32F3xx_HAL_Driver/Src/stm32f3xx_hal_gpio.o
 .debug_aranges
                0x0000000000000878       0x88 Drivers/STM32F3xx_HAL_Driver/Src/stm32f3xx_hal_rcc.o
 .debug_aranges
                0x0000000000000900       0x38 Drivers/STM32F3xx_HAL_Driver/Src/stm32f3xx_hal_rcc_ex.o
 .debug_aranges
                0x0000000000000938      0x3e0 Drivers/STM32F3xx_HAL_Driver/Src/stm32f3xx_hal_tim.o
 .debug_aranges
                0x0000000000000d18      0x178 Drivers/STM32F3xx_HAL_Driver/Src/stm32f3xx_hal_tim_ex.o
 .debug_aranges
                0x0000000000000e90      0x228 Drivers/STM32F3xx_HAL_Driver/Src/stm32f3xx_hal_uart.o
 .debug_aranges
                0x00000000000010b8       0x68 Drivers/STM32F3xx_HAL_Driver/Src/stm32f3xx_hal_uart_ex.o

.debug_ranges   0x0000000000000000     0x1068
 .debug_ranges  0x0000000000000000      0x1b8 Core/Src/main.o
 .debug_ranges  0x00000000000001b8       0x58 Core/Src/stm32f3xx_hal_msp.o
 .debug_ranges  0x0000000000000210       0x78 Core/Src/stm32f3xx_it.o
 .debug_ranges  0x0000000000000288       0x18 Core/Src/system_stm32f3xx.o
 .debug_ranges  0x00000000000002a0       0x20 Core/Startup/startup_stm32f303retx.o
 .debug_ranges  0x00000000000002c0       0xd0 Drivers/STM32F3xx_HAL_Driver/Src/stm32f3xx_hal.o
 .debug_ranges  0x0000000000000390      0x158 Drivers/STM32F3xx_HAL_Driver/Src/stm32f3xx_hal_adc_ex.o
 .debug_ranges  0x00000000000004e8      0x108 Drivers/STM32F3xx_HAL_Driver/Src/stm32f3xx_hal_cortex.o
 .debug_ranges  0x00000000000005f0       0x98 Drivers/STM32F3xx_HAL_Driver/Src/stm32f3xx_hal_dac.o
 .debug_ranges  0x0000000000000688       0xa8 Drivers/STM32F3xx_HAL_Driver/Src/stm32f3xx_hal_dac_ex.o
 .debug_ranges  0x0000000000000730       0x78 Drivers/STM32F3xx_HAL_Driver/Src/stm32f3xx_hal_dma.o
 .debug_ranges  0x00000000000007a8       0x48 Drivers/STM32F3xx_HAL_Driver/Src/stm32f3xx_hal_gpio.o
 .debug_ranges  0x00000000000007f0       0x78 Drivers/STM32F3xx_HAL_Driver/Src/stm32f3xx_hal_rcc.o
 .debug_ranges  0x0000000000000868       0x28 Drivers/STM32F3xx_HAL_Driver/Src/stm32f3xx_hal_rcc_ex.o
 .debug_ranges  0x0000000000000890      0x3d0 Drivers/STM32F3xx_HAL_Driver/Src/stm32f3xx_hal_tim.o
 .debug_ranges  0x0000000000000c60      0x168 Drivers/STM32F3xx_HAL_Driver/Src/stm32f3xx_hal_tim_ex.o
 .debug_ranges  0x0000000000000dc8      0x248 Drivers/STM32F3xx_HAL_Driver/Src/stm32f3xx_hal_uart.o
 .debug_ranges  0x0000000000001010       0x58 Drivers/STM32F3xx_HAL_Driver/Src/stm32f3xx_hal_uart_ex.o

.debug_macro    0x0000000000000000    0x222c5
 .debug_macro   0x0000000000000000      0x405 Core/Src/main.o
 .debug_macro   0x0000000000000405      0xa5a Core/Src/main.o
 .debug_macro   0x0000000000000e5f      0x163 Core/Src/main.o
 .debug_macro   0x0000000000000fc2       0x2e Core/Src/main.o
 .debug_macro   0x0000000000000ff0       0x28 Core/Src/main.o
 .debug_macro   0x0000000000001018       0x22 Core/Src/main.o
 .debug_macro   0x000000000000103a       0x8e Core/Src/main.o
 .debug_macro   0x00000000000010c8       0x51 Core/Src/main.o
 .debug_macro   0x0000000000001119       0xef Core/Src/main.o
 .debug_macro   0x0000000000001208       0x6a Core/Src/main.o
 .debug_macro   0x0000000000001272      0x1df Core/Src/main.o
 .debug_macro   0x0000000000001451       0x1c Core/Src/main.o
 .debug_macro   0x000000000000146d       0x22 Core/Src/main.o
 .debug_macro   0x000000000000148f       0xdf Core/Src/main.o
 .debug_macro   0x000000000000156e     0x102d Core/Src/main.o
 .debug_macro   0x000000000000259b      0x11f Core/Src/main.o
 .debug_macro   0x00000000000026ba    0x1535a Core/Src/main.o
 .debug_macro   0x0000000000017a14       0x6d Core/Src/main.o
 .debug_macro   0x0000000000017a81     0x3540 Core/Src/main.o
 .debug_macro   0x000000000001afc1      0x174 Core/Src/main.o
 .debug_macro   0x000000000001b135       0x55 Core/Src/main.o
 .debug_macro   0x000000000001b18a      0x954 Core/Src/main.o
 .debug_macro   0x000000000001bade      0x84a Core/Src/main.o
 .debug_macro   0x000000000001c328      0x1b6 Core/Src/main.o
 .debug_macro   0x000000000001c4de      0x23a Core/Src/main.o
 .debug_macro   0x000000000001c718      0x1ea Core/Src/main.o
 .debug_macro   0x000000000001c902      0x1bc Core/Src/main.o
 .debug_macro   0x000000000001cabe       0x30 Core/Src/main.o
 .debug_macro   0x000000000001caee       0x3c Core/Src/main.o
 .debug_macro   0x000000000001cb2a      0x236 Core/Src/main.o
 .debug_macro   0x000000000001cd60      0x9fe Core/Src/main.o
 .debug_macro   0x000000000001d75e       0x77 Core/Src/main.o
 .debug_macro   0x000000000001d7d5      0x176 Core/Src/main.o
 .debug_macro   0x000000000001d94b       0x61 Core/Src/main.o
 .debug_macro   0x000000000001d9ac       0xc5 Core/Src/main.o
 .debug_macro   0x000000000001da71      0x21d Core/Src/main.o
 .debug_macro   0x000000000001dc8e      0x22c Core/Src/main.o
 .debug_macro   0x000000000001deba       0x5b Core/Src/main.o
 .debug_macro   0x000000000001df15       0xa5 Core/Src/main.o
 .debug_macro   0x000000000001dfba       0x81 Core/Src/main.o
 .debug_macro   0x000000000001e03b       0xd3 Core/Src/main.o
 .debug_macro   0x000000000001e10e      0xa3d Core/Src/main.o
 .debug_macro   0x000000000001eb4b       0xbb Core/Src/main.o
 .debug_macro   0x000000000001ec06      0x5a5 Core/Src/main.o
 .debug_macro   0x000000000001f1ab       0x44 Core/Src/main.o
 .debug_macro   0x000000000001f1ef      0x347 Core/Src/main.o
 .debug_macro   0x000000000001f536       0x46 Core/Src/main.o
 .debug_macro   0x000000000001f57c       0x18 Core/Src/main.o
 .debug_macro   0x000000000001f594       0x3c Core/Src/main.o
 .debug_macro   0x000000000001f5d0       0x34 Core/Src/main.o
 .debug_macro   0x000000000001f604       0x16 Core/Src/main.o
 .debug_macro   0x000000000001f61a       0x35 Core/Src/main.o
 .debug_macro   0x000000000001f64f      0x32a Core/Src/main.o
 .debug_macro   0x000000000001f979       0x10 Core/Src/main.o
 .debug_macro   0x000000000001f989       0x52 Core/Src/main.o
 .debug_macro   0x000000000001f9db       0x1f Core/Src/main.o
 .debug_macro   0x000000000001f9fa       0x43 Core/Src/main.o
 .debug_macro   0x000000000001fa3d       0x20 Core/Src/main.o
 .debug_macro   0x000000000001fa5d      0x1a3 Core/Src/main.o
 .debug_macro   0x000000000001fc00       0x10 Core/Src/main.o
 .debug_macro   0x000000000001fc10       0x1c Core/Src/main.o
 .debug_macro   0x000000000001fc2c       0x52 Core/Src/main.o
 .debug_macro   0x000000000001fc7e       0x40 Core/Src/main.o
 .debug_macro   0x000000000001fcbe       0x10 Core/Src/main.o
 .debug_macro   0x000000000001fcce       0x40 Core/Src/main.o
 .debug_macro   0x000000000001fd0e       0xd7 Core/Src/main.o
 .debug_macro   0x000000000001fde5       0x1c Core/Src/main.o
 .debug_macro   0x000000000001fe01       0x3d Core/Src/main.o
 .debug_macro   0x000000000001fe3e       0x16 Core/Src/main.o
 .debug_macro   0x000000000001fe54      0x145 Core/Src/main.o
 .debug_macro   0x000000000001ff99       0x16 Core/Src/main.o
 .debug_macro   0x000000000001ffaf       0x16 Core/Src/main.o
 .debug_macro   0x000000000001ffc5       0x29 Core/Src/main.o
 .debug_macro   0x000000000001ffee      0x1e1 Core/Src/main.o
 .debug_macro   0x00000000000201cf      0x20e Core/Src/stm32f3xx_hal_msp.o
 .debug_macro   0x00000000000203dd      0x218 Core/Src/stm32f3xx_it.o
 .debug_macro   0x00000000000205f5      0x204 Core/Src/system_stm32f3xx.o
 .debug_macro   0x00000000000207f9      0x228 Drivers/STM32F3xx_HAL_Driver/Src/stm32f3xx_hal.o
 .debug_macro   0x0000000000020a21      0x22e Drivers/STM32F3xx_HAL_Driver/Src/stm32f3xx_hal_adc_ex.o
 .debug_macro   0x0000000000020c4f      0x204 Drivers/STM32F3xx_HAL_Driver/Src/stm32f3xx_hal_cortex.o
 .debug_macro   0x0000000000020e53      0x205 Drivers/STM32F3xx_HAL_Driver/Src/stm32f3xx_hal_dac.o
 .debug_macro   0x0000000000021058      0x204 Drivers/STM32F3xx_HAL_Driver/Src/stm32f3xx_hal_dac_ex.o
 .debug_macro   0x000000000002125c      0x204 Drivers/STM32F3xx_HAL_Driver/Src/stm32f3xx_hal_dma.o
 .debug_macro   0x0000000000021460      0x20b Drivers/STM32F3xx_HAL_Driver/Src/stm32f3xx_hal_gpio.o
 .debug_macro   0x000000000002166b      0x228 Drivers/STM32F3xx_HAL_Driver/Src/stm32f3xx_hal_rcc.o
 .debug_macro   0x0000000000021893      0x204 Drivers/STM32F3xx_HAL_Driver/Src/stm32f3xx_hal_rcc_ex.o
 .debug_macro   0x0000000000021a97      0x205 Drivers/STM32F3xx_HAL_Driver/Src/stm32f3xx_hal_tim.o
 .debug_macro   0x0000000000021c9c      0x204 Drivers/STM32F3xx_HAL_Driver/Src/stm32f3xx_hal_tim_ex.o
 .debug_macro   0x0000000000021ea0      0x221 Drivers/STM32F3xx_HAL_Driver/Src/stm32f3xx_hal_uart.o
 .debug_macro   0x00000000000220c1      0x204 Drivers/STM32F3xx_HAL_Driver/Src/stm32f3xx_hal_uart_ex.o

.debug_line     0x0000000000000000    0x103db
 .debug_line    0x0000000000000000     0x150a Core/Src/main.o
 .debug_line    0x000000000000150a      0x847 Core/Src/stm32f3xx_hal_msp.o
 .debug_line    0x0000000000001d51      0x850 Core/Src/stm32f3xx_it.o
 .debug_line    0x00000000000025a1      0x76d Core/Src/system_stm32f3xx.o
 .debug_line    0x0000000000002d0e       0x88 Core/Startup/startup_stm32f303retx.o
 .debug_line    0x0000000000002d96      0x929 Drivers/STM32F3xx_HAL_Driver/Src/stm32f3xx_hal.o