main.c:214:6:delay	16	static
main.c:220:6:HAL_GPIO_EXTI_Callback	16	static
main.c:250:6:HAL_UART_RxCpltCallback	16	static
main.c:269:6:determineCommandType	4	static
main.c:298:6:adc_Measure	24	static
main.c:408:6:commandFourResponse	24	static
main.c:425:6:send_to_lcd	16	static
main.c:446:6:lcd_send_cmd	24	static
main.c:457:6:lcd_send_data	24	static
main.c:469:6:lcd_put_cur	16	static
main.c:483:6:lcd_init	8	static
main.c:509:6:lcd_send_string	16	static
main.c:514:6:lcd_clear	8	static
main.c:520:6:lcd_scroll_left_or_right	16	static
main.c:532:6:calculateDCSignalBuffer	32	static
main.c:541:6:calculateSinusoidalSignalBuffer	48	static
main.c:553:6:calculateSinusoidalSignalBuffer1	48	static
main.c:565:6:calculateSinusoidalSignalBuffer2	48	static
main.c:575:6:calculatePulseSignalBuffer	48	static
main.c:595:6:fillBuffer	24	static
main.c:607:6:setDACValue	16	static
main.c:631:6:outputDAC	16	static
main.c:658:6:stopOutputDAC	8	static
main.c:666:5:determineValue	16	static
main.c:691:6:displayMeasurementMessage	40	static
main.c:732:6:executeLCDCommand	16	static
main.c:739:6:executeCommand	16	static
main.c:825:6:measure_ADC_output_DAC	8	static
main.c:843:6:executeMeasurementOutput	128	static
main.c:955:6:executeStartMessage	8	static
main.c:983:6:executeMeasurementState	8	static
main.c:1086:6:branchesOneToSix	8	static
main.c:1251:6:branchesSevenToTen	56	static
main.c:1431:6:branchesElevenToFourteen	64	static
main.c:1597:6:branchesFifteenToSeventeen	8	static
main.c:1685:6:executeOutputState	8	static
main.c:1693:6:executeDisplayAndButtons	8	static
main.c:1727:5:main	8	static
main.c:1811:6:SystemClock_Config	160	static
main.c:1862:13:MX_ADC1_Init	48	static
main.c:1925:13:MX_DAC1_Init	24	static
main.c:1964:13:MX_TIM1_Init	40	static
main.c:2011:13:MX_TIM2_Init	64	static
main.c:2070:13:MX_TIM3_Init	40	static
main.c:2115:13:MX_USART2_UART_Init	8	static
main.c:2148:13:MX_DMA_Init	16	static
main.c:2166:13:MX_GPIO_Init	48	static
main.c:2256:6:Error_Handler	4	static
